Component: ARM Compiler 5.06 update 6 (build 750) Tool: armlink [4d35ed]

==============================================================================

Section Cross References

    startup_stm32g431xx.o(RESET) refers to startup_stm32g431xx.o(STACK) for __initial_sp
    startup_stm32g431xx.o(RESET) refers to startup_stm32g431xx.o(.text) for Reset_Handler
    startup_stm32g431xx.o(RESET) refers to stm32g4xx_mc_it.o(i.HardFault_Handler) for HardFault_Handler
    startup_stm32g431xx.o(RESET) refers to stm32g4xx_mc_it.o(i.SysTick_Handler) for SysTick_Handler
    startup_stm32g431xx.o(RESET) refers to stm32g4xx_mc_it.o(i.ADC1_2_IRQHandler) for ADC1_2_IRQHandler
    startup_stm32g431xx.o(RESET) refers to stm32g4xx_mc_it.o(i.TIM1_BRK_TIM15_IRQHandler) for TIM1_BRK_TIM15_IRQHandler
    startup_stm32g431xx.o(RESET) refers to stm32g4xx_mc_it.o(i.TIM1_UP_TIM16_IRQHandler) for TIM1_UP_TIM16_IRQHandler
    startup_stm32g431xx.o(RESET) refers to stm32g4xx_mc_it.o(i.USART1_IRQHandler) for USART1_IRQHandler
    startup_stm32g431xx.o(RESET) refers to stm32g4xx_mc_it.o(i.EXTI15_10_IRQHandler) for EXTI15_10_IRQHandler
    startup_stm32g431xx.o(.text) refers to system_stm32g4xx.o(i.SystemInit) for SystemInit
    startup_stm32g431xx.o(.text) refers to entry.o(.ARM.Collect$$$$00000000) for __main
    main.o(i.SystemClock_Config) refers to memseta.o(.text) for __aeabi_memclr4
    main.o(i.SystemClock_Config) refers to stm32g4xx_hal_pwr_ex.o(i.HAL_PWREx_ControlVoltageScaling) for HAL_PWREx_ControlVoltageScaling
    main.o(i.SystemClock_Config) refers to stm32g4xx_hal_rcc.o(i.HAL_RCC_OscConfig) for HAL_RCC_OscConfig
    main.o(i.SystemClock_Config) refers to stm32g4xx_hal_rcc.o(i.HAL_RCC_ClockConfig) for HAL_RCC_ClockConfig
    main.o(i.SystemClock_Config) refers to stm32g4xx_hal_rcc_ex.o(i.HAL_RCCEx_PeriphCLKConfig) for HAL_RCCEx_PeriphCLKConfig
    main.o(i.main) refers to stm32g4xx_hal.o(i.HAL_Init) for HAL_Init
    main.o(i.main) refers to memseta.o(.text) for __aeabi_memclr4
    main.o(i.main) refers to stm32g4xx_hal_pwr_ex.o(i.HAL_PWREx_ControlVoltageScaling) for HAL_PWREx_ControlVoltageScaling
    main.o(i.main) refers to stm32g4xx_hal_rcc.o(i.HAL_RCC_OscConfig) for HAL_RCC_OscConfig
    main.o(i.main) refers to stm32g4xx_hal_rcc.o(i.HAL_RCC_ClockConfig) for HAL_RCC_ClockConfig
    main.o(i.main) refers to stm32g4xx_hal_rcc_ex.o(i.HAL_RCCEx_PeriphCLKConfig) for HAL_RCCEx_PeriphCLKConfig
    main.o(i.main) refers to stm32g4xx_hal_gpio.o(i.HAL_GPIO_Init) for HAL_GPIO_Init
    main.o(i.main) refers to stm32g4xx_hal_adc.o(i.HAL_ADC_Init) for HAL_ADC_Init
    main.o(i.main) refers to stm32g4xx_hal_adc_ex.o(i.HAL_ADCEx_MultiModeConfigChannel) for HAL_ADCEx_MultiModeConfigChannel
    main.o(i.main) refers to stm32g4xx_hal_adc_ex.o(i.HAL_ADCEx_InjectedConfigChannel) for HAL_ADCEx_InjectedConfigChannel
    main.o(i.main) refers to stm32g4xx_hal_adc.o(i.HAL_ADC_ConfigChannel) for HAL_ADC_ConfigChannel
    main.o(i.main) refers to stm32g4xx_hal_comp.o(i.HAL_COMP_Init) for HAL_COMP_Init
    main.o(i.main) refers to stm32g4xx_hal_cordic.o(i.HAL_CORDIC_Init) for HAL_CORDIC_Init
    main.o(i.main) refers to stm32g4xx_hal_dac.o(i.HAL_DAC_Init) for HAL_DAC_Init
    main.o(i.main) refers to stm32g4xx_hal_dac.o(i.HAL_DAC_ConfigChannel) for HAL_DAC_ConfigChannel
    main.o(i.main) refers to stm32g4xx_hal_opamp.o(i.HAL_OPAMP_Init) for HAL_OPAMP_Init
    main.o(i.main) refers to stm32g4xx_hal_spi.o(i.HAL_SPI_Init) for HAL_SPI_Init
    main.o(i.main) refers to stm32g4xx_hal_tim.o(i.HAL_TIM_Base_Init) for HAL_TIM_Base_Init
    main.o(i.main) refers to stm32g4xx_hal_tim.o(i.HAL_TIM_PWM_Init) for HAL_TIM_PWM_Init
    main.o(i.main) refers to stm32g4xx_hal_tim.o(i.HAL_TIM_SlaveConfigSynchro) for HAL_TIM_SlaveConfigSynchro
    main.o(i.main) refers to stm32g4xx_hal_tim_ex.o(i.HAL_TIMEx_MasterConfigSynchronization) for HAL_TIMEx_MasterConfigSynchronization
    main.o(i.main) refers to stm32g4xx_hal_tim_ex.o(i.HAL_TIMEx_ConfigBreakInput) for HAL_TIMEx_ConfigBreakInput
    main.o(i.main) refers to main.o(.bss) for .bss
    main.o(i.main) refers to stm32g4xx_hal_tim.o(i.HAL_TIM_PWM_ConfigChannel) for HAL_TIM_PWM_ConfigChannel
    main.o(i.main) refers to stm32g4xx_hal_tim_ex.o(i.HAL_TIMEx_ConfigBreakDeadTime) for HAL_TIMEx_ConfigBreakDeadTime
    main.o(i.main) refers to stm32g4xx_hal_msp.o(i.HAL_TIM_MspPostInit) for HAL_TIM_MspPostInit
    main.o(i.main) refers to stm32g4xx_hal_uart.o(i.HAL_UART_Init) for HAL_UART_Init
    main.o(i.main) refers to stm32g4xx_hal_uart_ex.o(i.HAL_UARTEx_SetTxFifoThreshold) for HAL_UARTEx_SetTxFifoThreshold
    main.o(i.main) refers to stm32g4xx_hal_uart_ex.o(i.HAL_UARTEx_SetRxFifoThreshold) for HAL_UARTEx_SetRxFifoThreshold
    main.o(i.main) refers to stm32g4xx_hal_uart_ex.o(i.HAL_UARTEx_DisableFifoMode) for HAL_UARTEx_DisableFifoMode
    main.o(i.main) refers to motorcontrol.o(i.MX_MotorControl_Init) for MX_MotorControl_Init
[...]
    RNG_IRQHandler                           0x08000207   Thumb Code     0  startup_stm32g431xx.o(.text)
    RTC_Alarm_IRQHandler                     0x08000207   Thumb Code     0  startup_stm32g431xx.o(.text)
    RTC_TAMP_LSECSS_IRQHandler               0x08000207   Thumb Code     0  startup_stm32g431xx.o(.text)
    RTC_WKUP_IRQHandler                      0x08000207   Thumb Code     0  startup_stm32g431xx.o(.text)
    SAI1_IRQHandler                          0x08000207   Thumb Code     0  startup_stm32g431xx.o(.text)
    SPI1_IRQHandler                          0x08000207   Thumb Code     0  startup_stm32g431xx.o(.text)
    SPI2_IRQHandler                          0x08000207   Thumb Code     0  startup_stm32g431xx.o(.text)
    SPI3_IRQHandler                          0x08000207   Thumb Code     0  startup_stm32g431xx.o(.text)
    TIM1_CC_IRQHandler                       0x08000207   Thumb Code     0  startup_stm32g431xx.o(.text)
    TIM1_TRG_COM_TIM17_IRQHandler            0x08000207   Thumb Code     0  startup_stm32g431xx.o(.text)
    TIM2_IRQHandler                          0x08000207   Thumb Code     0  startup_stm32g431xx.o(.text)
    TIM3_IRQHandler                          0x08000207   Thumb Code     0  startup_stm32g431xx.o(.text)
    TIM4_IRQHandler                          0x08000207   Thumb Code     0  startup_stm32g431xx.o(.text)
    TIM6_DAC_IRQHandler                      0x08000207   Thumb Code     0  startup_stm32g431xx.o(.text)
    TIM7_DAC_IRQHandler                      0x08000207   Thumb Code     0  startup_stm32g431xx.o(.text)
    TIM8_BRK_IRQHandler                      0x08000207   Thumb Code     0  startup_stm32g431xx.o(.text)
    TIM8_CC_IRQHandler                       0x08000207   Thumb Code     0  startup_stm32g431xx.o(.text)
    TIM8_TRG_COM_IRQHandler                  0x08000207   Thumb Code     0  startup_stm32g431xx.o(.text)
    TIM8_UP_IRQHandler                       0x08000207   Thumb Code     0  startup_stm32g431xx.o(.text)
    UART4_IRQHandler                         0x08000207   Thumb Code     0  startup_stm32g431xx.o(.text)
    UCPD1_IRQHandler                         0x08000207   Thumb Code     0  startup_stm32g431xx.o(.text)
    USART2_IRQHandler                        0x08000207   Thumb Code     0  startup_stm32g431xx.o(.text)
    USART3_IRQHandler                        0x08000207   Thumb Code     0  startup_stm32g431xx.o(.text)
    USBWakeUp_IRQHandler                     0x08000207   Thumb Code     0  startup_stm32g431xx.o(.text)
    USB_HP_IRQHandler                        0x08000207   Thumb Code     0  startup_stm32g431xx.o(.text)
    USB_LP_IRQHandler                        0x08000207   Thumb Code     0  startup_stm32g431xx.o(.text)
    WWDG_IRQHandler                          0x08000207   Thumb Code     0  startup_stm32g431xx.o(.text)
    RUC_Init                                 0x08000211   Thumb Code    86  revup_ctrl.o(.text)
    RUC_Clear                                0x08000267   Thumb Code   136  revup_ctrl.o(.text)
    RUC_OTF_Exec                             0x080002ef   Thumb Code   508  revup_ctrl.o(.text)
    RUC_Exec                                 0x080004eb   Thumb Code   106  revup_ctrl.o(.text)
    RUC_Completed                            0x08000555   Thumb Code    14  revup_ctrl.o(.text)
    RUC_Stop                                 0x08000563   Thumb Code    30  revup_ctrl.o(.text)
    RUC_SetPhaseDurationms                   0x08000581   Thumb Code    12  revup_ctrl.o(.text)
    RUC_SetPhaseFinalMecSpeedUnit            0x0800058d   Thumb Code    12  revup_ctrl.o(.text)
    RUC_SetPhaseFinalTorque                  0x08000599   Thumb Code    12  revup_ctrl.o(.text)
    RUC_GetPhaseDurationms                   0x080005a5   Thumb Code    12  revup_ctrl.o(.text)
    RUC_GetPhaseFinalMecSpeedUnit            0x080005b1   Thumb Code    14  revup_ctrl.o(.text)
    RUC_GetPhaseFinalTorque                  0x080005bf   Thumb Code    14  revup_ctrl.o(.text)
    RUC_GetNumberOfPhases                    0x080005cd   Thumb Code     6  revup_ctrl.o(.text)
    RUC_Get_SCLowsideOTF_Status              0x080005d3   Thumb Code     6  revup_ctrl.o(.text)
    __aeabi_uldivmod                         0x080005d9   Thumb Code    98  uldiv.o(.text)
    __aeabi_memset                           0x0800063b   Thumb Code    14  memseta.o(.text)
    __aeabi_memset4                          0x0800063b   Thumb Code     0  memseta.o(.text)
    __aeabi_memset8                          0x0800063b   Thumb Code     0  memseta.o(.text)
    __aeabi_memclr                           0x08000649   Thumb Code     4  memseta.o(.text)
    __aeabi_memclr4                          0x08000649   Thumb Code     0  memseta.o(.text)
    __aeabi_memclr8                          0x08000649   Thumb Code     0  memseta.o(.text)
    _memset$wrapper                          0x0800064d   Thumb Code    18  memseta.o(.text)
    __aeabi_llsl                             0x0800065f   Thumb Code    30  llshl.o(.text)
    _ll_shift_l                              0x0800065f   Thumb Code     0  llshl.o(.text)
    __aeabi_llsr                             0x0800067d   Thumb Code    32  llushr.o(.text)
    _ll_ushift_r                             0x0800067d   Thumb Code     0  llushr.o(.text)
    __scatterload                            0x0800069d   Thumb Code    28  init.o(.text)
    __scatterload_rt2                        0x0800069d   Thumb Code     0  init.o(.text)
    __decompress                             0x080006c1   Thumb Code     0  __dczerorl2.o(.text)
    __decompress1                            0x080006c1   Thumb Code    86  __dczerorl2.o(.text)
    ADC1_2_IRQHandler                        0x08000717   Thumb Code    22  stm32g4xx_mc_it.o(i.ADC1_2_IRQHandler)
    Circle_Limitation                        0x0800072d   Thumb Code    86  circle_limitation.o(i.Circle_Limitation)
    DAC_Exec                                 0x08000785   Thumb Code    42  dac_ui.o(i.DAC_Exec)
    DAC_GetChannelConfig                     0x080007b9   Thumb Code     8  dac_common_ui.o(i.DAC_GetChannelConfig)
    DAC_GetUserChannelValue                  0x080007c1   Thumb Code    10  dac_common_ui.o(i.DAC_GetUserChannelValue)
    DAC_Init                                 0x080007cd   Thumb Code    12  dac_ui.o(i.DAC_Init)
    DAC_SetChannelConfig                     0x080007dd   Thumb Code     8  dac_common_ui.o(i.DAC_SetChannelConfig)
    DAC_SetUserChannelValue                  0x080007e5   Thumb Code     8  dac_common_ui.o(i.DAC_SetUserChannelValue)
    EAC_Exec                                 0x080007ed   Thumb Code    26  enc_align_ctrl.o(i.EAC_Exec)
    EAC_GetRestartState                      0x08000807   Thumb Code     4  enc_align_ctrl.o(i.EAC_GetRestartState)
    EAC_Init                                 0x0800080b   Thumb Code    14  enc_align_ctrl.o(i.EAC_Init)
    EAC_IsAligned                            0x08000819   Thumb Code     4  enc_align_ctrl.o(i.EAC_IsAligned)
    EAC_SetRestartState                      0x0800081d   Thumb Code     4  enc_align_ctrl.o(i.EAC_SetRestartState)
    EAC_StartAlignment                       0x08000821   Thumb Code    74  enc_align_ctrl.o(i.EAC_StartAlignment)
    ENC_CalcAngle                            0x0800086d   Thumb Code    72  encoder_speed_pos_fdbk.o(i.ENC_CalcAngle)
    ENC_CalcAvrgMecSpeedUnit                 0x080008b9   Thumb Code   424  encoder_speed_pos_fdbk.o(i.ENC_CalcAvrgMecSpeedUnit)
    ENC_Clear                                0x08000a71   Thumb Code    88  encoder_speed_pos_fdbk.o(i.ENC_Clear)
    ENC_Init                                 0x08000ac9   Thumb Code    46  encoder_speed_pos_fdbk.o(i.ENC_Init)
    ENC_SetMecAngle                          0x08000af7   Thumb Code    96  encoder_speed_pos_fdbk.o(i.ENC_SetMecAngle)
    EXTI15_10_IRQHandler                     0x08000b59   Thumb Code    22  stm32g4xx_mc_it.o(i.EXTI15_10_IRQHandler)
    FCP_CalcCRC                              0x08000b75   Thumb Code    46  frame_communication_protocol.o(i.FCP_CalcCRC)
    FCP_Init                                 0x08000ba3   Thumb Code    42  frame_communication_protocol.o(i.FCP_Init)
    FCP_SetClient                            0x08000bcd   Thumb Code    14  frame_communication_protocol.o(i.FCP_SetClient)
    FOC_CalcCurrRef                          0x08000bdd   Thumb Code    42  mc_tasks.o(i.FOC_CalcCurrRef)
    FOC_Clear                                0x08000c11   Thumb Code    86  mc_tasks.o(i.FOC_Clear)
    FOC_InitAdditionalMethods                0x08000c7d   Thumb Code     2  mc_tasks.o(i.FOC_InitAdditionalMethods)
    GetMCI                                   0x08000c81   Thumb Code    14  mc_tasks.o(i.GetMCI)
    HAL_ADCEx_InjectedConfigChannel          0x08000c95   Thumb Code  1488  stm32g4xx_hal_adc_ex.o(i.HAL_ADCEx_InjectedConfigChannel)
    HAL_ADCEx_MultiModeConfigChannel         0x08001281   Thumb Code   216  stm32g4xx_hal_adc_ex.o(i.HAL_ADCEx_MultiModeConfigChannel)
    HAL_ADC_ConfigChannel                    0x08001361   Thumb Code  1196  stm32g4xx_hal_adc.o(i.HAL_ADC_ConfigChannel)
    HAL_ADC_Init                             0x08001831   Thumb Code   550  stm32g4xx_hal_adc.o(i.HAL_ADC_Init)
    HAL_ADC_MspInit                          0x08001a6d   Thumb Code   194  stm32g4xx_hal_msp.o(i.HAL_ADC_MspInit)
    HAL_COMP_Init                            0x08001b3d   Thumb Code   362  stm32g4xx_hal_comp.o(i.HAL_COMP_Init)
    HAL_COMP_MspInit                         0x08001cc9   Thumb Code   148  stm32g4xx_hal_msp.o(i.HAL_COMP_MspInit)
    HAL_CORDIC_Init                          0x08001d6d   Thumb Code    52  stm32g4xx_hal_cordic.o(i.HAL_CORDIC_Init)
    HAL_CORDIC_MspInit                       0x08001da1   Thumb Code    40  stm32g4xx_hal_msp.o(i.HAL_CORDIC_MspInit)
    HAL_DAC_ConfigChannel                    0x08001dcd   Thumb Code   462  stm32g4xx_hal_dac.o(i.HAL_DAC_ConfigChannel)
    HAL_DAC_Init                             0x08001fa5   Thumb Code    40  stm32g4xx_hal_dac.o(i.HAL_DAC_Init)
    HAL_DAC_MspInit                          0x08001fcd   Thumb Code    88  stm32g4xx_hal_msp.o(i.HAL_DAC_MspInit)
    HAL_Delay                                0x08002029   Thumb Code    34  stm32g4xx_hal.o(i.HAL_Delay)
    HAL_GPIO_Init                            0x08002051   Thumb Code   528  stm32g4xx_hal_gpio.o(i.HAL_GPIO_Init)
    HAL_GetTick                              0x08002275   Thumb Code     6  stm32g4xx_hal.o(i.HAL_GetTick)
    HAL_IncTick                              0x08002281   Thumb Code    12  stm32g4xx_hal.o(i.HAL_IncTick)
    HAL_Init                                 0x08002291   Thumb Code    30  stm32g4xx_hal.o(i.HAL_Init)
    HAL_InitTick                             0x080022b1   Thumb Code    58  stm32g4xx_hal.o(i.HAL_InitTick)
    HAL_MspInit                              0x080022f5   Thumb Code    54  stm32g4xx_hal_msp.o(i.HAL_MspInit)
    HAL_NVIC_EnableIRQ                       0x08002335   Thumb Code    30  stm32g4xx_hal_cortex.o(i.HAL_NVIC_EnableIRQ)
    HAL_NVIC_SetPriority                     0x08002355   Thumb Code    96  stm32g4xx_hal_cortex.o(i.HAL_NVIC_SetPriority)
    HAL_NVIC_SetPriorityGrouping             0x080023b9   Thumb Code    30  stm32g4xx_hal_cortex.o(i.HAL_NVIC_SetPriorityGrouping)
    HAL_OPAMP_Init                           0x080023dd   Thumb Code   228  stm32g4xx_hal_opamp.o(i.HAL_OPAMP_Init)
    HAL_OPAMP_MspInit                        0x080024c9   Thumb Code   144  stm32g4xx_hal_msp.o(i.HAL_OPAMP_MspInit)
    HAL_PWREx_ControlVoltageScaling          0x0800256d   Thumb Code   180  stm32g4xx_hal_pwr_ex.o(i.HAL_PWREx_ControlVoltageScaling)
    HAL_RCCEx_PeriphCLKConfig                0x0800262d   Thumb Code   700  stm32g4xx_hal_rcc_ex.o(i.HAL_RCCEx_PeriphCLKConfig)
    HAL_RCC_ClockConfig                      0x080028f1   Thumb Code   488  stm32g4xx_hal_rcc.o(i.HAL_RCC_ClockConfig)
    HAL_RCC_GetHCLKFreq                      0x08002af9   Thumb Code     6  stm32g4xx_hal_rcc.o(i.HAL_RCC_GetHCLKFreq)
    HAL_RCC_GetPCLK1Freq                     0x08002b05   Thumb Code    24  stm32g4xx_hal_rcc.o(i.HAL_RCC_GetPCLK1Freq)
    HAL_RCC_GetPCLK2Freq                     0x08002b29   Thumb Code    24  stm32g4xx_hal_rcc.o(i.HAL_RCC_GetPCLK2Freq)
    HAL_RCC_GetSysClockFreq                  0x08002b4d   Thumb Code   100  stm32g4xx_hal_rcc.o(i.HAL_RCC_GetSysClockFreq)
    HAL_RCC_OscConfig                        0x08002bbd   Thumb Code  1226  stm32g4xx_hal_rcc.o(i.HAL_RCC_OscConfig)
    HAL_SPI_Init                             0x08003087   Thumb Code   190  stm32g4xx_hal_spi.o(i.HAL_SPI_Init)
    HAL_SPI_MspInit                          0x08003145   Thumb Code   130  stm32g4xx_hal_msp.o(i.HAL_SPI_MspInit)
    HAL_SYSTICK_Callback                     0x080031d1   Thumb Code     2  stm32g4xx_hal_cortex.o(i.HAL_SYSTICK_Callback)
    HAL_SYSTICK_Config                       0x080031d5   Thumb Code    38  stm32g4xx_hal_cortex.o(i.HAL_SYSTICK_Config)
    HAL_SYSTICK_IRQHandler                   0x08003201   Thumb Code     8  stm32g4xx_hal_cortex.o(i.HAL_SYSTICK_IRQHandler)
    HAL_TIMEx_ConfigBreakDeadTime            0x08003209   Thumb Code   178  stm32g4xx_hal_tim_ex.o(i.HAL_TIMEx_ConfigBreakDeadTime)
    HAL_TIMEx_ConfigBreakInput               0x080032c5   Thumb Code   220  stm32g4xx_hal_tim_ex.o(i.HAL_TIMEx_ConfigBreakInput)
    HAL_TIMEx_MasterConfigSynchronization    0x080033a1   Thumb Code   104  stm32g4xx_hal_tim_ex.o(i.HAL_TIMEx_MasterConfigSynchronization)
    HAL_TIM_Base_Init                        0x08003409   Thumb Code    54  stm32g4xx_hal_tim.o(i.HAL_TIM_Base_Init)
    HAL_TIM_Base_MspInit                     0x08003441   Thumb Code    40  stm32g4xx_hal_msp.o(i.HAL_TIM_Base_MspInit)
    HAL_TIM_MspPostInit                      0x0800346d   Thumb Code   158  stm32g4xx_hal_msp.o(i.HAL_TIM_MspPostInit)
    HAL_TIM_PWM_ConfigChannel                0x08003519   Thumb Code   860  stm32g4xx_hal_tim.o(i.HAL_TIM_PWM_ConfigChannel)
    HAL_TIM_PWM_Init                         0x08003889   Thumb Code    54  stm32g4xx_hal_tim.o(i.HAL_TIM_PWM_Init)
    HAL_TIM_PWM_MspInit                      0x080038bf   Thumb Code     2  stm32g4xx_hal_tim.o(i.HAL_TIM_PWM_MspInit)
    HAL_TIM_SlaveConfigSynchro               0x080038c1   Thumb Code    86  stm32g4xx_hal_tim.o(i.HAL_TIM_SlaveConfigSynchro)
    HAL_UARTEx_DisableFifoMode               0x08003917   Thumb Code    62  stm32g4xx_hal_uart_ex.o(i.HAL_UARTEx_DisableFifoMode)
    HAL_UARTEx_EnableFifoMode                0x08003955   Thumb Code   166  stm32g4xx_hal_uart_ex.o(i.HAL_UARTEx_EnableFifoMode)
    HAL_UARTEx_SetRxFifoThreshold            0x08003a0d   Thumb Code   162  stm32g4xx_hal_uart_ex.o(i.HAL_UARTEx_SetRxFifoThreshold)
    HAL_UARTEx_SetTxFifoThreshold            0x08003ab9   Thumb Code   162  stm32g4xx_hal_uart_ex.o(i.HAL_UARTEx_SetTxFifoThreshold)
    HAL_UART_Init                            0x08003b65   Thumb Code   110  stm32g4xx_hal_uart.o(i.HAL_UART_Init)
    HAL_UART_MspInit                         0x08003bd5   Thumb Code    90  stm32g4xx_hal_msp.o(i.HAL_UART_MspInit)
    HardFault_Handler                        0x08003c39   Thumb Code    98  stm32g4xx_mc_it.o(i.HardFault_Handler)
    MCI_Clear_Iqdref                         0x08003d95   Thumb Code    16  mc_interface.o(i.MCI_Clear_Iqdref)
    MCI_EncoderAlign                         0x08003da5   Thumb Code     8  mc_interface.o(i.MCI_EncoderAlign)
    MCI_ExecBufferedCommands                 0x08003dad   Thumb Code   120  mc_interface.o(i.MCI_ExecBufferedCommands)
    MCI_ExecPositionCommand                  0x08003e25   Thumb Code    88  mc_interface.o(i.MCI_ExecPositionCommand)
    MCI_ExecSpeedRamp                        0x08003e85   Thumb Code    14  mc_interface.o(i.MCI_ExecSpeedRamp)
    MCI_ExecTorqueRamp                       0x08003e93   Thumb Code    18  mc_interface.o(i.MCI_ExecTorqueRamp)
    MCI_FaultAcknowledged                    0x08003ea5   Thumb Code     6  mc_interface.o(i.MCI_FaultAcknowledged)
    MCI_GetAlignmentStatus                   0x08003eab   Thumb Code     6  mc_interface.o(i.MCI_GetAlignmentStatus)
    MCI_GetAvrgMecSpeedUnit                  0x08003eb1   Thumb Code    16  mc_interface.o(i.MCI_GetAvrgMecSpeedUnit)
    MCI_GetControlMode                       0x08003ec1   Thumb Code     4  mc_interface.o(i.MCI_GetControlMode)
    MCI_GetIab                               0x08003ec5   Thumb Code     6  mc_interface.o(i.MCI_GetIab)
    MCI_GetIalphabeta                        0x08003ecb   Thumb Code     6  mc_interface.o(i.MCI_GetIalphabeta)
    MCI_GetIqd                               0x08003ed1   Thumb Code     6  mc_interface.o(i.MCI_GetIqd)
    MCI_GetIqdref                            0x08003ed7   Thumb Code     6  mc_interface.o(i.MCI_GetIqdref)
    MCI_GetLastRampFinalSpeed                0x08003edd   Thumb Code    16  mc_interface.o(i.MCI_GetLastRampFinalSpeed)
    MCI_GetMecSpeedRefUnit                   0x08003eed   Thumb Code     6  mc_interface.o(i.MCI_GetMecSpeedRefUnit)
    MCI_GetSTMState                          0x08003ef3   Thumb Code     6  mc_interface.o(i.MCI_GetSTMState)
    MCI_GetTeref                             0x08003ef9   Thumb Code     8  mc_interface.o(i.MCI_GetTeref)
    MCI_GetValphabeta                        0x08003f01   Thumb Code     8  mc_interface.o(i.MCI_GetValphabeta)
    MCI_GetVqd                               0x08003f09   Thumb Code     8  mc_interface.o(i.MCI_GetVqd)
    MCI_Init                                 0x08003f11   Thumb Code    22  mc_interface.o(i.MCI_Init)
    MCI_SetCurrentReferences                 0x08003f27   Thumb Code    20  mc_interface.o(i.MCI_SetCurrentReferences)
    MCI_SetIdref                             0x08003f3b   Thumb Code    10  mc_interface.o(i.MCI_SetIdref)
    MCI_StartMotor                           0x08003f45   Thumb Code    22  mc_interface.o(i.MCI_StartMotor)
    MCI_StopMotor                            0x08003f5b   Thumb Code     8  mc_interface.o(i.MCI_StopMotor)
    MCI_StopRamp                             0x08003f63   Thumb Code     6  mc_interface.o(i.MCI_StopRamp)
    MCM_Clarke                               0x08003f69   Thumb Code    72  mc_math.o(i.MCM_Clarke)
    MCM_Park                                 0x08003fb5   Thumb Code   122  mc_math.o(i.MCM_Park)
    MCM_Rev_Park                             0x08004039   Thumb Code    54  mc_math.o(i.MCM_Rev_Park)
    MCM_Trig_Functions                       0x08004071   Thumb Code    16  mc_math.o(i.MCM_Trig_Functions)
    MCP_Init                                 0x08004089   Thumb Code    54  motor_control_protocol.o(i.MCP_Init)
    MCP_OnTimeOut                            0x080040cd   Thumb Code     8  motor_control_protocol.o(i.MCP_OnTimeOut)
    MCP_ReceivedFrame                        0x080040d5   Thumb Code  1930  motor_control_protocol.o(i.MCP_ReceivedFrame)
    MCP_SentFrame                            0x0800487d   Thumb Code     8  motor_control_protocol.o(i.MCP_SentFrame)
    MCP_WaitNextFrame                        0x08004885   Thumb Code    26  motor_control_protocol.o(i.MCP_WaitNextFrame)
    MC_GetAlignmentStatusMotor1              0x080048a1   Thumb Code     8  mc_api.o(i.MC_GetAlignmentStatusMotor1)
    MC_GetSTMStateMotor1                     0x080048ad   Thumb Code     8  mc_api.o(i.MC_GetSTMStateMotor1)
    MC_ProgramPositionCommandMotor1          0x080048b9   Thumb Code     8  mc_api.o(i.MC_ProgramPositionCommandMotor1)
    MC_RunMotorControlTasks                  0x080048c5   Thumb Code    28  mc_tasks.o(i.MC_RunMotorControlTasks)
    MC_Scheduler                             0x080048e5   Thumb Code    58  mc_tasks.o(i.MC_Scheduler)
    MC_StartMotor1                           0x08004925   Thumb Code     8  mc_api.o(i.MC_StartMotor1)
    MC_StopMotor1                            0x08004931   Thumb Code     8  mc_api.o(i.MC_StopMotor1)
    MCboot                                   0x0800493d   Thumb Code   406  mc_tasks.o(i.MCboot)
    MPM_CalcElMotorPower                     0x08004b21   Thumb Code    70  motor_power_measurement.o(i.MPM_CalcElMotorPower)
    MPM_Clear                                0x08004b67   Thumb Code    26  motor_power_measurement.o(i.MPM_Clear)
    MPM_GetAvrgElMotorPowerW                 0x08004b81   Thumb Code     6  motor_power_measurement.o(i.MPM_GetAvrgElMotorPowerW)
    MX_MotorControl_Init                     0x08004b89   Thumb Code    48  motorcontrol.o(i.MX_MotorControl_Init)
    NTC_CalcAvTemp                           0x08004bc1   Thumb Code    58  ntc_temperature_sensor.o(i.NTC_CalcAvTemp)
    NTC_Clear                                0x08004bfb   Thumb Code     6  ntc_temperature_sensor.o(i.NTC_Clear)
    NTC_GetAvTemp_C                          0x08004c01   Thumb Code    40  ntc_temperature_sensor.o(i.NTC_GetAvTemp_C)
    NTC_Init                                 0x08004c29   Thumb Code    36  ntc_temperature_sensor.o(i.NTC_Init)
    NTC_SetFaultState                        0x08004c4d   Thumb Code    24  ntc_temperature_sensor.o(i.NTC_SetFaultState)
    PID_Controller                           0x08004c65   Thumb Code    76  pid_regulator.o(i.PID_Controller)
    PID_GetKD                                0x08004cb5   Thumb Code     6  pid_regulator.o(i.PID_GetKD)
    PID_GetKI                                0x08004cbb   Thumb Code     6  pid_regulator.o(i.PID_GetKI)
    PID_GetKIDivisor                         0x08004cc1   Thumb Code     4  pid_regulator.o(i.PID_GetKIDivisor)
    PID_GetKP                                0x08004cc5   Thumb Code     6  pid_regulator.o(i.PID_GetKP)
    PID_GetKPDivisor                         0x08004ccb   Thumb Code     4  pid_regulator.o(i.PID_GetKPDivisor)
    PID_HandleInit                           0x08004ccf   Thumb Code    20  pid_regulator.o(i.PID_HandleInit)
    PID_SetIntegralTerm                      0x08004ce3   Thumb Code     4  pid_regulator.o(i.PID_SetIntegralTerm)
    PID_SetKD                                0x08004ce7   Thumb Code     4  pid_regulator.o(i.PID_SetKD)
    PID_SetKI                                0x08004ceb   Thumb Code     4  pid_regulator.o(i.PID_SetKI)
    PID_SetKP                                0x08004cef   Thumb Code     4  pid_regulator.o(i.PID_SetKP)
    PI_Controller                            0x08004cf5   Thumb Code   122  pid_regulator.o(i.PI_Controller)
    PQD_CalcElMotorPower                     0x08004d75   Thumb Code    90  pqd_motor_power_measurement.o(i.PQD_CalcElMotorPower)
    PWMC_CurrentReadingCalibr                0x08004dd5   Thumb Code    66  pwm_curr_fdbk.o(i.PWMC_CurrentReadingCalibr)
    PWMC_GetPhaseCurrents                    0x08004e17   Thumb Code     4  pwm_curr_fdbk.o(i.PWMC_GetPhaseCurrents)
    PWMC_SetPhaseVoltage                     0x08004e1b   Thumb Code   474  pwm_curr_fdbk.o(i.PWMC_SetPhaseVoltage)
    PWMC_SwitchOffPWM                        0x08004ff5   Thumb Code     4  pwm_curr_fdbk.o(i.PWMC_SwitchOffPWM)
    PWMC_SwitchOnPWM                         0x08004ff9   Thumb Code     4  pwm_curr_fdbk.o(i.PWMC_SwitchOnPWM)
    PWMC_TurnOnLowSides                      0x08004ffd   Thumb Code     4  pwm_curr_fdbk.o(i.PWMC_TurnOnLowSides)
    R3_2_BRK2_IRQHandler                     0x080050e5   Thumb Code    54  r3_2_g4xx_pwm_curr_fdbk.o(i.R3_2_BRK2_IRQHandler)
    R3_2_BRK_IRQHandler                      0x0800511b   Thumb Code    26  r3_2_g4xx_pwm_curr_fdbk.o(i.R3_2_BRK_IRQHandler)
    R3_2_CurrentReadingPolarization          0x08005135   Thumb Code   366  r3_2_g4xx_pwm_curr_fdbk.o(i.R3_2_CurrentReadingPolarization)
    R3_2_GetPhaseCurrents                    0x080052c1   Thumb Code   282  r3_2_g4xx_pwm_curr_fdbk.o(i.R3_2_GetPhaseCurrents)
    R3_2_Init                                0x08005481   Thumb Code   628  r3_2_g4xx_pwm_curr_fdbk.o(i.R3_2_Init)
    R3_2_IsOverCurrentOccurred               0x080056f9   Thumb Code    38  r3_2_g4xx_pwm_curr_fdbk.o(i.R3_2_IsOverCurrentOccurred)
    R3_2_RLDetectionModeDisable              0x08005721   Thumb Code   218  r3_2_g4xx_pwm_curr_fdbk.o(i.R3_2_RLDetectionModeDisable)
    R3_2_RLDetectionModeEnable               0x0800580d   Thumb Code   170  r3_2_g4xx_pwm_curr_fdbk.o(i.R3_2_RLDetectionModeEnable)
    R3_2_RLDetectionModeSetDuty              0x080058c9   Thumb Code   100  r3_2_g4xx_pwm_curr_fdbk.o(i.R3_2_RLDetectionModeSetDuty)
    R3_2_SetADCSampPointPolarization         0x08005a7d   Thumb Code    46  r3_2_g4xx_pwm_curr_fdbk.o(i.R3_2_SetADCSampPointPolarization)
    R3_2_SetADCSampPointSectX                0x08005ab1   Thumb Code   114  r3_2_g4xx_pwm_curr_fdbk.o(i.R3_2_SetADCSampPointSectX)
    R3_2_SwitchOffPWM                        0x08005ba9   Thumb Code   116  r3_2_g4xx_pwm_curr_fdbk.o(i.R3_2_SwitchOffPWM)
    R3_2_SwitchOnPWM                         0x08005c1d   Thumb Code   192  r3_2_g4xx_pwm_curr_fdbk.o(i.R3_2_SwitchOnPWM)
    R3_2_TIMx_UP_IRQHandler                  0x08005cdd   Thumb Code   142  r3_2_g4xx_pwm_curr_fdbk.o(i.R3_2_TIMx_UP_IRQHandler)
    R3_2_TurnOnLowSides                      0x08005d6b   Thumb Code    86  r3_2_g4xx_pwm_curr_fdbk.o(i.R3_2_TurnOnLowSides)
    RCM_ExecNextConv                         0x08005dc1   Thumb Code   130  regular_conversion_manager.o(i.RCM_ExecNextConv)
    RCM_ExecRegularConv                      0x08005e55   Thumb Code   302  regular_conversion_manager.o(i.RCM_ExecRegularConv)
    RCM_ExecUserConv                         0x08005f99   Thumb Code    60  regular_conversion_manager.o(i.RCM_ExecUserConv)
    RCM_ReadOngoingConv                      0x08005fdd   Thumb Code    42  regular_conversion_manager.o(i.RCM_ReadOngoingConv)
    RCM_RegisterRegConv                      0x08006015   Thumb Code   288  regular_conversion_manager.o(i.RCM_RegisterRegConv)
    REMNG_Init                               0x08006145   Thumb Code    16  ramp_ext_mngr.o(i.REMNG_Init)
    RVBS_CalcAvVbus                          0x08006155   Thumb Code   100  r_divider_bus_voltage_sensor.o(i.RVBS_CalcAvVbus)
    RVBS_CheckFaultState                     0x080061b9   Thumb Code    24  r_divider_bus_voltage_sensor.o(i.RVBS_CheckFaultState)
    RVBS_Clear                               0x080061d1   Thumb Code    44  r_divider_bus_voltage_sensor.o(i.RVBS_Clear)
    RVBS_Init                                0x080061fd   Thumb Code    22  r_divider_bus_voltage_sensor.o(i.RVBS_Init)
    SPD_GetAvrgMecSpeedUnit                  0x08006213   Thumb Code     6  speed_pos_fdbk.o(i.SPD_GetAvrgMecSpeedUnit)
    SPD_GetElAngle                           0x08006219   Thumb Code     6  speed_pos_fdbk.o(i.SPD_GetElAngle)
    SPD_GetInstElSpeedDpp                    0x0800621f   Thumb Code     6  speed_pos_fdbk.o(i.SPD_GetInstElSpeedDpp)
    SPD_GetMecAngle                          0x08006225   Thumb Code     6  speed_pos_fdbk.o(i.SPD_GetMecAngle)
    SPD_GetS16Speed                          0x0800622b   Thumb Code    20  speed_pos_fdbk.o(i.SPD_GetS16Speed)
    SPD_IsMecSpeedReliable                   0x0800623f   Thumb Code    96  speed_pos_fdbk.o(i.SPD_IsMecSpeedReliable)
    STC_CalcTorqueReference                  0x0800629f   Thumb Code    92  speed_torq_ctrl.o(i.STC_CalcTorqueReference)
    STC_Clear                                0x080062fb   Thumb Code    16  speed_torq_ctrl.o(i.STC_Clear)
    STC_ExecRamp                             0x0800630b   Thumb Code   146  speed_torq_ctrl.o(i.STC_ExecRamp)
    STC_ForceSpeedReferenceToCurrentSpeed    0x0800639d   Thumb Code    16  speed_torq_ctrl.o(i.STC_ForceSpeedReferenceToCurrentSpeed)
    STC_GetDefaultIqdref                     0x080063ad   Thumb Code    16  speed_torq_ctrl.o(i.STC_GetDefaultIqdref)
    STC_GetMaxAppPositiveMecSpeedUnit        0x080063bd   Thumb Code     4  speed_torq_ctrl.o(i.STC_GetMaxAppPositiveMecSpeedUnit)
    STC_GetMecSpeedRefUnit                   0x080063c1   Thumb Code    12  speed_torq_ctrl.o(i.STC_GetMecSpeedRefUnit)
    STC_GetMecSpeedRefUnitDefault            0x080063cd   Thumb Code     6  speed_torq_ctrl.o(i.STC_GetMecSpeedRefUnitDefault)
    STC_GetMinAppNegativeMecSpeedUnit        0x080063d3   Thumb Code     6  speed_torq_ctrl.o(i.STC_GetMinAppNegativeMecSpeedUnit)
    STC_GetSpeedSensor                       0x080063d9   Thumb Code     4  speed_torq_ctrl.o(i.STC_GetSpeedSensor)
    STC_GetTorqueRef                         0x080063dd   Thumb Code    12  speed_torq_ctrl.o(i.STC_GetTorqueRef)
    STC_Init                                 0x080063e9   Thumb Code    32  speed_torq_ctrl.o(i.STC_Init)
    STC_SetControlMode                       0x08006409   Thumb Code     8  speed_torq_ctrl.o(i.STC_SetControlMode)
    STC_SetSpeedSensor                       0x08006411   Thumb Code     4  speed_torq_ctrl.o(i.STC_SetSpeedSensor)
    STC_StopRamp                             0x08006415   Thumb Code     8  speed_torq_ctrl.o(i.STC_StopRamp)
    STM_FaultAcknowledged                    0x0800641d   Thumb Code    22  state_machine.o(i.STM_FaultAcknowledged)
    STM_FaultProcessing                      0x08006433   Thumb Code    54  state_machine.o(i.STM_FaultProcessing)
    STM_GetFaultState                        0x08006469   Thumb Code    10  state_machine.o(i.STM_GetFaultState)
    STM_GetState                             0x08006473   Thumb Code     4  state_machine.o(i.STM_GetState)
    STM_Init                                 0x08006477   Thumb Code    10  state_machine.o(i.STM_Init)
    STM_NextState                            0x08006481   Thumb Code   254  state_machine.o(i.STM_NextState)
    SysTick_Handler                          0x08006581   Thumb Code    42  stm32g4xx_mc_it.o(i.SysTick_Handler)
    SystemInit                               0x080065b5   Thumb Code    20  system_stm32g4xx.o(i.SystemInit)
    TC_EncAlignmentCommand                   0x080065d1   Thumb Code   100  trajectory_ctrl.o(i.TC_EncAlignmentCommand)
    TC_EncoderReset                          0x0800663d   Thumb Code    68  trajectory_ctrl.o(i.TC_EncoderReset)
    TC_GetAlignmentStatus                    0x08006685   Thumb Code     6  trajectory_ctrl.o(i.TC_GetAlignmentStatus)
    TC_GetCurrentPosition                    0x0800668d   Thumb Code    30  trajectory_ctrl.o(i.TC_GetCurrentPosition)
    TC_GetMoveDuration                       0x080066b1   Thumb Code     6  trajectory_ctrl.o(i.TC_GetMoveDuration)
    TC_GetTargetPosition                     0x080066b7   Thumb Code     6  trajectory_ctrl.o(i.TC_GetTargetPosition)
    TC_IncTick                               0x080066bd   Thumb Code     8  trajectory_ctrl.o(i.TC_IncTick)
    TC_Init                                  0x080066c5   Thumb Code   104  trajectory_ctrl.o(i.TC_Init)
    TC_MoveCommand                           0x08006731   Thumb Code   236  trajectory_ctrl.o(i.TC_MoveCommand)
    TC_MoveExecution                         0x08006821   Thumb Code   254  trajectory_ctrl.o(i.TC_MoveExecution)
    TC_PositionRegulation                    0x08006925   Thumb Code   138  trajectory_ctrl.o(i.TC_PositionRegulation)
    TIM1_BRK_TIM15_IRQHandler                0x080069b9   Thumb Code    54  stm32g4xx_mc_it.o(i.TIM1_BRK_TIM15_IRQHandler)
    TIM1_UP_TIM16_IRQHandler                 0x080069fd   Thumb Code    14  stm32g4xx_mc_it.o(i.TIM1_UP_TIM16_IRQHandler)
    TIM_Base_SetConfig                       0x08006a15   Thumb Code   152  stm32g4xx_hal_tim.o(i.TIM_Base_SetConfig)
    TIM_OC2_SetConfig                        0x08006ac9   Thumb Code   136  stm32g4xx_hal_tim.o(i.TIM_OC2_SetConfig)
    TSK_ChargeBootCapDelayHasElapsedM1       0x08006c51   Thumb Code    14  mc_tasks.o(i.TSK_ChargeBootCapDelayHasElapsedM1)
    TSK_HardwareFaultTask                    0x08006c65   Thumb Code    24  mc_tasks.o(i.TSK_HardwareFaultTask)
    TSK_HighFrequencyTask                    0x08006c85   Thumb Code   220  mc_tasks.o(i.TSK_HighFrequencyTask)
    TSK_MediumFrequencyTaskM1                0x08006d71   Thumb Code   584  mc_tasks.o(i.TSK_MediumFrequencyTaskM1)
    TSK_SafetyTask                           0x08006fe1   Thumb Code    26  mc_tasks.o(i.TSK_SafetyTask)
    TSK_SafetyTask_PWMOFF                    0x08007001   Thumb Code   138  mc_tasks.o(i.TSK_SafetyTask_PWMOFF)
    TSK_SetChargeBootCapDelayM1              0x080070a9   Thumb Code     6  mc_tasks.o(i.TSK_SetChargeBootCapDelayM1)
    TSK_SetStopPermanencyTimeM1              0x080070b5   Thumb Code     6  mc_tasks.o(i.TSK_SetStopPermanencyTimeM1)
    TSK_StopPermanencyTimeHasElapsedM1       0x080070c1   Thumb Code    14  mc_tasks.o(i.TSK_StopPermanencyTimeHasElapsedM1)
    UART_AdvFeatureConfig                    0x080070d5   Thumb Code   218  stm32g4xx_hal_uart.o(i.UART_AdvFeatureConfig)
    UART_CheckIdleState                      0x080071af   Thumb Code    98  stm32g4xx_hal_uart.o(i.UART_CheckIdleState)
    UART_SetConfig                           0x08007211   Thumb Code  2226  stm32g4xx_hal_uart.o(i.UART_SetConfig)
    UART_WaitOnFlagUntilTimeout              0x08007ac3   Thumb Code   118  stm32g4xx_hal_uart.o(i.UART_WaitOnFlagUntilTimeout)
    UFCP_AbortReceive                        0x08007b39   Thumb Code     8  usart_frame_communication_protocol.o(i.UFCP_AbortReceive)
    UFCP_Init                                0x08007b41   Thumb Code     4  usart_frame_communication_protocol.o(i.UFCP_Init)
    UFCP_OVR_IRQ_Handler                     0x08007b45   Thumb Code    20  usart_frame_communication_protocol.o(i.UFCP_OVR_IRQ_Handler)
    UFCP_RX_IRQ_Handler                      0x08007b59   Thumb Code   178  usart_frame_communication_protocol.o(i.UFCP_RX_IRQ_Handler)
    UFCP_Receive                             0x08007c19   Thumb Code    40  usart_frame_communication_protocol.o(i.UFCP_Receive)
    UFCP_Send                                0x08007c41   Thumb Code    86  usart_frame_communication_protocol.o(i.UFCP_Send)
    UFCP_TX_IRQ_Handler                      0x08007c97   Thumb Code   100  usart_frame_communication_protocol.o(i.UFCP_TX_IRQ_Handler)
    UI_DACExec                               0x08007cfb   Thumb Code    10  user_interface.o(i.UI_DACExec)
    UI_DACInit                               0x08007d05   Thumb Code    10  user_interface.o(i.UI_DACInit)
    UI_DACUpdate                             0x08007d11   Thumb Code    28  ui_task.o(i.UI_DACUpdate)
    UI_ExecCmd                               0x08007d31   Thumb Code   110  user_interface.o(i.UI_ExecCmd)
    UI_ExecPositionCmd                       0x08007d9f   Thumb Code    20  user_interface.o(i.UI_ExecPositionCmd)
    UI_ExecSpeedRamp                         0x08007db5   Thumb Code    44  user_interface.o(i.UI_ExecSpeedRamp)
    UI_ExecTorqueRamp                        0x08007de5   Thumb Code    20  user_interface.o(i.UI_ExecTorqueRamp)
    UI_GetDAC                                0x08007df9   Thumb Code    16  user_interface.o(i.UI_GetDAC)
    UI_GetMPInfo                             0x08007e09   Thumb Code     4  user_interface.o(i.UI_GetMPInfo)
    UI_GetReg                                0x08007e0d   Thumb Code   974  user_interface.o(i.UI_GetReg)
    UI_GetRevupData                          0x080081e9   Thumb Code    74  user_interface.o(i.UI_GetRevupData)
    UI_GetSelectedMC                         0x08008233   Thumb Code     6  user_interface.o(i.UI_GetSelectedMC)
    UI_HandleStartStopButton_cb              0x08008239   Thumb Code    24  ui_task.o(i.UI_HandleStartStopButton_cb)
    UI_Init                                  0x08008251   Thumb Code    22  user_interface.o(i.UI_Init)
    UI_Scheduler                             0x08008269   Thumb Code    40  ui_task.o(i.UI_Scheduler)
    UI_SelectMC                              0x08008295   Thumb Code    18  user_interface.o(i.UI_SelectMC)
    UI_SerialCommunicationTimeOutStart       0x080082a9   Thumb Code     8  ui_task.o(i.UI_SerialCommunicationTimeOutStart)
    UI_SerialCommunicationTimeOutStop        0x080082b5   Thumb Code     8  ui_task.o(i.UI_SerialCommunicationTimeOutStop)
    UI_SetCurrentReferences                  0x080082c1   Thumb Code    26  user_interface.o(i.UI_SetCurrentReferences)
    UI_SetDAC                                0x080082db   Thumb Code    10  user_interface.o(i.UI_SetDAC)
    UI_SetReg                                0x080082e5   Thumb Code   380  user_interface.o(i.UI_SetReg)
    UI_SetRevupData                          0x08008465   Thumb Code    56  user_interface.o(i.UI_SetRevupData)
    UI_TaskInit                              0x0800849d   Thumb Code   144  ui_task.o(i.UI_TaskInit)
    USART1_IRQHandler                        0x0800854d   Thumb Code   100  stm32g4xx_mc_it.o(i.USART1_IRQHandler)
    VBS_GetAvBusVoltage_V                    0x080085b5   Thumb Code    10  bus_voltage_sensor.o(i.VBS_GetAvBusVoltage_V)
    VSS_Clear                                0x080085bf   Thumb Code    44  virtual_speed_sensor.o(i.VSS_Clear)
    VSS_Init                                 0x080085eb   Thumb Code     8  virtual_speed_sensor.o(i.VSS_Init)
    VSS_SetCopyObserver                      0x080085f3   Thumb Code     8  virtual_speed_sensor.o(i.VSS_SetCopyObserver)
    VSS_SetMecAcceleration                   0x080085fb   Thumb Code   124  virtual_speed_sensor.o(i.VSS_SetMecAcceleration)
    VSS_SetMecAngle                          0x08008677   Thumb Code    14  virtual_speed_sensor.o(i.VSS_SetMecAngle)
    __scatterload_copy                       0x08008685   Thumb Code    14  handlers.o(i.__scatterload_copy)
    __scatterload_null                       0x08008693   Thumb Code     2  handlers.o(i.__scatterload_null)
    __scatterload_zeroinit                   0x08008695   Thumb Code    14  handlers.o(i.__scatterload_zeroinit)
    main                                     0x080086a5   Thumb Code  1650  main.o(i.main)
    mc_lock_pins                             0x08008d31   Thumb Code   290  mc_tasks.o(i.mc_lock_pins)
    startTimers                              0x08008e71   Thumb Code   100  pwm_common.o(i.startTimers)
    waitForPolarizationEnd                   0x08008edd   Thumb Code    98  pwm_common.o(i.waitForPolarizationEnd)
    s_fwVer                                  0x08008f3e   Data          32  motorcontrol.o(.constdata)
    R3_3_OPAMPParamsM1                       0x08008f64   Data         108  mc_parameters.o(.constdata)
    R3_2_ParamsM1                            0x08008fd0   Data         196  mc_parameters.o(.constdata)
    AHBPrescTable                            0x08009094   Data          16  system_stm32g4xx.o(.constdata)
    APBPrescTable                            0x080090a4   Data           8  system_stm32g4xx.o(.constdata)
    Region$$Table$$Base                      0x080090c8   Number         0  anon$$obj.o(Region$$Table)
    Region$$Table$$Limit                     0x080090e8   Number         0  anon$$obj.o(Region$$Table)
    wConfig                                  0x20000004   Data           4  motorcontrol.o(.data)
    pMCI                                     0x20000008   Data           4  motorcontrol.o(.data)
    pMCT                                     0x2000000c   Data           4  motorcontrol.o(.data)
    MPInfo                                   0x20000018   Data           8  motor_control_protocol.o(.data)
    PQD_MotorPowMeasM1                       0x20000020   Data         276  mc_config.o(.data)
    PIDSpeedHandle_M1                        0x20000134   Data          44  mc_config.o(.data)
    PIDIqHandle_M1                           0x20000160   Data          44  mc_config.o(.data)
    PIDIdHandle_M1                           0x2000018c   Data          44  mc_config.o(.data)
    PID_PosParamsM1                          0x200001b8   Data          44  mc_config.o(.data)
    pPosCtrlM1                               0x200001e4   Data         112  mc_config.o(.data)
    SpeednTorqCtrlM1                         0x20000254   Data          52  mc_config.o(.data)
    PWM_Handle_M1                            0x20000288   Data         124  mc_config.o(.data)
    VirtualSpeedSensorM1                     0x20000304   Data          56  mc_config.o(.data)
    ENCODER_M1                               0x2000033c   Data         124  mc_config.o(.data)
    EncAlignCtrlM1                           0x200003b8   Data          28  mc_config.o(.data)
    TempSensorParamsM1                       0x200003d4   Data          40  mc_config.o(.data)
    RealBusVoltageSensorParamsM1             0x200003fc   Data          40  mc_config.o(.data)
    UI_Params                                0x20000424   Data          48  mc_config.o(.data)
    DAC_UI_Params                            0x20000454   Data          60  mc_config.o(.data)
    RampExtMngrHFParamsM1                    0x20000490   Data          24  mc_config.o(.data)
    CircleLimitationM1                       0x200004a8   Data         180  mc_config.o(.data)
    pUSART                                   0x2000055c   Data         316  mc_config.o(.data)
    bMCBootCompleted                         0x20000698   Data           1  mc_tasks.o(.data)
    oMCInterface                             0x200006b4   Data           4  mc_tasks.o(.data)
    pSTC                                     0x200006b8   Data           4  mc_tasks.o(.data)
    pPIDSpeed                                0x200006bc   Data           4  mc_tasks.o(.data)
    pPIDIq                                   0x200006c0   Data           4  mc_tasks.o(.data)
    pPIDId                                   0x200006c4   Data           4  mc_tasks.o(.data)
    pEAC                                     0x200006c8   Data           4  mc_tasks.o(.data)
    pBusSensorM1                             0x200006cc   Data           4  mc_tasks.o(.data)
    pPosCtrl                                 0x200006d0   Data           4  mc_tasks.o(.data)
    pPIDPosCtrl                              0x200006d4   Data           4  mc_tasks.o(.data)
    pTemperatureSensor                       0x200006d8   Data           4  mc_tasks.o(.data)
    pwmcHandle                               0x200006dc   Data           4  mc_tasks.o(.data)
    pMPM                                     0x200006e0   Data           4  mc_tasks.o(.data)
    pCLM                                     0x200006e4   Data           4  mc_tasks.o(.data)
    pREMNG                                   0x200006e8   Data           4  mc_tasks.o(.data)
    STM                                      0x200006ec   Data           6  mc_tasks.o(.data)
    RCM_currentHandle                        0x200006f2   Data           1  regular_conversion_manager.o(.data)
    RCM_UserConvHandle                       0x200006f3   Data           1  regular_conversion_manager.o(.data)
    RCM_UserConvState                        0x200006f4   Data           1  regular_conversion_manager.o(.data)
    RCM_UserConvValue                        0x200006f6   Data           2  regular_conversion_manager.o(.data)
    pDAC                                     0x20000708   Data           4  ui_task.o(.data)
    pMCP                                     0x2000070c   Data           4  ui_task.o(.data)
    uwTickPrio                               0x20000714   Data           4  stm32g4xx_hal.o(.data)
    uwTickFreq                               0x20000718   Data           4  stm32g4xx_hal.o(.data)
    uwTick                                   0x2000071c   Data           4  stm32g4xx_hal.o(.data)
    SystemCoreClock                          0x20000720   Data           4  system_stm32g4xx.o(.data)
    hadc1                                    0x20000754   Data         108  main.o(.bss)
    hadc2                                    0x200007c0   Data         108  main.o(.bss)
    hcomp1                                   0x2000082c   Data          36  main.o(.bss)
    hcomp2                                   0x20000850   Data          36  main.o(.bss)
    hcomp4                                   0x20000874   Data          36  main.o(.bss)
    hcordic                                  0x20000898   Data          40  main.o(.bss)
    hdac1                                    0x200008c0   Data          20  main.o(.bss)
    hopamp1                                  0x200008d4   Data          60  main.o(.bss)
    hopamp2                                  0x20000910   Data          60  main.o(.bss)
    hopamp3                                  0x2000094c   Data          60  main.o(.bss)
    hspi1                                    0x20000988   Data         100  main.o(.bss)
    htim1                                    0x200009ec   Data          64  main.o(.bss)
    huart1                                   0x20000a2c   Data         140  main.o(.bss)
    RealBusVoltageSensorFilterBufferM1       0x20000ab8   Data          12  mc_config.o(.bss)
    FOCVars                                  0x20000ac4   Data          38  mc_tasks.o(.bss)
    Mci                                      0x20000aec   Data          32  mc_tasks.o(.bss)
    MCT                                      0x20000b0c   Data          84  mc_tasks.o(.bss)
    RCM_handle_array                         0x20000b60   Data          16  regular_conversion_manager.o(.bss)
    RCM_CB_array                             0x20000b70   Data          32  regular_conversion_manager.o(.bss)
    RCM_NoInj_array                          0x20000b90   Data          24  regular_conversion_manager.o(.bss)
    MCP_UI_Params                            0x20000ba8   Data         204  ui_task.o(.bss)
    __initial_sp                             0x20001078   Data           0  startup_stm32g431xx.o(STACK)



==============================================================================

Memory Map of the image

  Image Entry point : 0x080001d9

  Load Region LR_IROM1 (Base: 0x08000000, Size: 0x0000983c, Max: 0x00020000, ABSOLUTE, COMPRESSED[0x00009298])

    Execution Region ER_IROM1 (Exec base: 0x08000000, Load base: 0x08000000, Size: 0x000090e8, Max: 0x00020000, ABSOLUTE)

    Exec Addr    Load Addr    Size         Type   Attr      Idx    E Section Name        Object

    0x08000000   0x08000000   0x000001d8   Data   RO            3    RESET               startup_stm32g431xx.o
    0x080001d8   0x080001d8   0x00000000   Code   RO         7861  * .ARM.Collect$$$$00000000  mc_w.l(entry.o)
    0x080001d8   0x080001d8   0x00000004   Code   RO         7868    .ARM.Collect$$$$00000001  mc_w.l(entry2.o)
    0x080001dc   0x080001dc   0x00000004   Code   RO         7871    .ARM.Collect$$$$00000004  mc_w.l(entry5.o)
    0x080001e0   0x080001e0   0x00000000   Code   RO         7873    .ARM.Collect$$$$00000008  mc_w.l(entry7b.o)
    0x080001e0   0x080001e0   0x00000000   Code   RO         7875    .ARM.Collect$$$$0000000A  mc_w.l(entry8b.o)
    0x080001e0   0x080001e0   0x00000008   Code   RO         7876    .ARM.Collect$$$$0000000B  mc_w.l(entry9a.o)
    0x080001e8   0x080001e8   0x00000000   Code   RO         7878    .ARM.Collect$$$$0000000D  mc_w.l(entry10a.o)
    0x080001e8   0x080001e8   0x00000000   Code   RO         7880    .ARM.Collect$$$$0000000F  mc_w.l(entry11a.o)
    0x080001e8   0x080001e8   0x00000004   Code   RO         7869    .ARM.Collect$$$$00002712  mc_w.l(entry2.o)
    0x080001ec   0x080001ec   0x00000024   Code   RO            4    .text               startup_stm32g431xx.o
    0x08000210   0x08000210   0x000003c8   Code   RO         7855    .text               libmc-keil_M4.lib(revup_ctrl.o)
    0x080005d8   0x080005d8   0x00000062   Code   RO         7864    .text               mc_w.l(uldiv.o)
    0x0800063a   0x0800063a   0x00000024   Code   RO         7866    .text               mc_w.l(memseta.o)
    0x0800065e   0x0800065e   0x0000001e   Code   RO         7882    .text               mc_w.l(llshl.o)
    0x0800067c   0x0800067c   0x00000020   Code   RO         7884    .text               mc_w.l(llushr.o)
    0x0800069c   0x0800069c   0x00000024   Code   RO         7886    .text               mc_w.l(init.o)
    0x080006c0   0x080006c0   0x00000056   Code   RO         7896    .text               mc_w.l(__dczerorl2.o)
    0x08000716   0x08000716   0x00000016   Code   RO         1343    i.ADC1_2_IRQHandler  stm32g4xx_mc_it.o
    0x0800072c   0x0800072c   0x00000056   Code   RO         6213    i.Circle_Limitation  circle_limitation.o
    0x08000782   0x08000782   0x00000002   PAD
    0x08000784   0x08000784   0x00000034   Code   RO         1673    i.DAC_Exec          dac_ui.o
    0x080007b8   0x080007b8   0x00000008   Code   RO         7655    i.DAC_GetChannelConfig  dac_common_ui.o
    0x080007c0   0x080007c0   0x0000000a   Code   RO         7656    i.DAC_GetUserChannelValue  dac_common_ui.o
    0x080007ca   0x080007ca   0x00000002   PAD
    0x080007cc   0x080007cc   0x00000010   Code   RO         1674    i.DAC_Init          dac_ui.o
    0x080007dc   0x080007dc   0x00000008   Code   RO         7657    i.DAC_SetChannelConfig  dac_common_ui.o
    0x080007e4   0x080007e4   0x00000008   Code   RO         7658    i.DAC_SetUserChannelValue  dac_common_ui.o
    0x080007ec   0x080007ec   0x0000001a   Code   RO         6270    i.EAC_Exec          enc_align_ctrl.o
    0x08000806   0x08000806   0x00000004   Code   RO         6271    i.EAC_GetRestartState  enc_align_ctrl.o
    0x0800080a   0x0800080a   0x0000000e   Code   RO         6272    i.EAC_Init          enc_align_ctrl.o
    0x08000818   0x08000818   0x00000004   Code   RO         6273    i.EAC_IsAligned     enc_align_ctrl.o
    0x0800081c   0x0800081c   0x00000004   Code   RO         6274    i.EAC_SetRestartState  enc_align_ctrl.o
    0x08000820   0x08000820   0x0000004a   Code   RO         6275    i.EAC_StartAlignment  enc_align_ctrl.o
    0x0800086a   0x0800086a   0x00000002   PAD
    0x0800086c   0x0800086c   0x0000004c   Code   RO         6324    i.ENC_CalcAngle     encoder_speed_pos_fdbk.o
    0x080008b8   0x080008b8   0x000001b8   Code   RO         6325    i.ENC_CalcAvrgMecSpeedUnit  encoder_speed_pos_fdbk.o
    0x08000a70   0x08000a70   0x00000058   Code   RO         6326    i.ENC_Clear         encoder_speed_pos_fdbk.o
    0x08000ac8   0x08000ac8   0x0000002e   Code   RO         6327    i.ENC_Init          encoder_speed_pos_fdbk.o
    0x08000af6   0x08000af6   0x00000060   Code   RO         6328    i.ENC_SetMecAngle   encoder_speed_pos_fdbk.o
    0x08000b56   0x08000b56   0x00000002   PAD
    0x08000b58   0x08000b58   0x0000001c   Code   RO         1344    i.EXTI15_10_IRQHandler  stm32g4xx_mc_it.o
    0x08000b74   0x08000b74   0x0000002e   Code   RO         7697    i.FCP_CalcCRC       frame_communication_protocol.o
    0x08000ba2   0x08000ba2   0x0000002a   Code   RO         7698    i.FCP_Init          frame_communication_protocol.o
    0x08000bcc   0x08000bcc   0x0000000e   Code   RO         7700    i.FCP_SetClient     frame_communication_protocol.o
    0x08000bda   0x08000bda   0x00000002   PAD
    0x08000bdc   0x08000bdc   0x00000034   Code   RO          791    i.FOC_CalcCurrRef   mc_tasks.o
    0x08000c10   0x08000c10   0x0000006c   Code   RO          792    i.FOC_Clear         mc_tasks.o
    0x08000c7c   0x08000c7c   0x00000002   Code   RO          793    i.FOC_InitAdditionalMethods  mc_tasks.o
    0x08000c7e   0x08000c7e   0x00000002   PAD
    0x08000c80   0x08000c80   0x00000014   Code   RO          794    i.GetMCI            mc_tasks.o
    0x08000c94   0x08000c94   0x000005ec   Code   RO         2133    i.HAL_ADCEx_InjectedConfigChannel  stm32g4xx_hal_adc_ex.o
    0x08001280   0x08001280   0x000000e0   Code   RO         2144    i.HAL_ADCEx_MultiModeConfigChannel  stm32g4xx_hal_adc_ex.o
    0x08001360   0x08001360   0x000004d0   Code   RO         1931    i.HAL_ADC_ConfigChannel  stm32g4xx_hal_adc.o
    0x08001830   0x08001830   0x0000023c   Code   RO         1940    i.HAL_ADC_Init      stm32g4xx_hal_adc.o
    0x08001a6c   0x08001a6c   0x000000d0   Code   RO         1728    i.HAL_ADC_MspInit   stm32g4xx_hal_msp.o
    0x08001b3c   0x08001b3c   0x0000018c   Code   RO         3683    i.HAL_COMP_Init     stm32g4xx_hal_comp.o
    0x08001cc8   0x08001cc8   0x000000a4   Code   RO         1730    i.HAL_COMP_MspInit  stm32g4xx_hal_msp.o
    0x08001d6c   0x08001d6c   0x00000034   Code   RO         3785    i.HAL_CORDIC_Init   stm32g4xx_hal_cordic.o
    0x08001da0   0x08001da0   0x0000002c   Code   RO         1732    i.HAL_CORDIC_MspInit  stm32g4xx_hal_msp.o
    0x08001dcc   0x08001dcc   0x000001d8   Code   RO         3891    i.HAL_DAC_ConfigChannel  stm32g4xx_hal_dac.o
    0x08001fa4   0x08001fa4   0x00000028   Code   RO         3901    i.HAL_DAC_Init      stm32g4xx_hal_dac.o
    0x08001fcc   0x08001fcc   0x0000005c   Code   RO         1734    i.HAL_DAC_MspInit   stm32g4xx_hal_msp.o
    0x08002028   0x08002028   0x00000028   Code   RO         2318    i.HAL_Delay         stm32g4xx_hal.o
    0x08002050   0x08002050   0x00000224   Code   RO         1861    i.HAL_GPIO_Init     stm32g4xx_hal_gpio.o
    0x08002274   0x08002274   0x0000000c   Code   RO         2322    i.HAL_GetTick       stm32g4xx_hal.o
    0x08002280   0x08002280   0x00000010   Code   RO         2325    i.HAL_IncTick       stm32g4xx_hal.o
    0x08002290   0x08002290   0x0000001e   Code   RO         2326    i.HAL_Init          stm32g4xx_hal.o
    0x080022ae   0x080022ae   0x00000002   PAD
    0x080022b0   0x080022b0   0x00000044   Code   RO         2327    i.HAL_InitTick      stm32g4xx_hal.o
    0x080022f4   0x080022f4   0x00000040   Code   RO         1735    i.HAL_MspInit       stm32g4xx_hal_msp.o
    0x08002334   0x08002334   0x0000001e   Code   RO         3553    i.HAL_NVIC_EnableIRQ  stm32g4xx_hal_cortex.o
    0x08002352   0x08002352   0x00000002   PAD
    0x08002354   0x08002354   0x00000064   Code   RO         3559    i.HAL_NVIC_SetPriority  stm32g4xx_hal_cortex.o
    0x080023b8   0x080023b8   0x00000024   Code   RO         3560    i.HAL_NVIC_SetPriorityGrouping  stm32g4xx_hal_cortex.o
    0x080023dc   0x080023dc   0x000000ec   Code   RO         4179    i.HAL_OPAMP_Init    stm32g4xx_hal_opamp.o
    0x080024c8   0x080024c8   0x000000a4   Code   RO         1737    i.HAL_OPAMP_MspInit  stm32g4xx_hal_msp.o
    0x0800256c   0x0800256c   0x000000c0   Code   RO         3309    i.HAL_PWREx_ControlVoltageScaling  stm32g4xx_hal_pwr_ex.o
    0x0800262c   0x0800262c   0x000002c4   Code   RO         2670    i.HAL_RCCEx_PeriphCLKConfig  stm32g4xx_hal_rcc_ex.o
    0x080028f0   0x080028f0   0x00000208   Code   RO         2546    i.HAL_RCC_ClockConfig  stm32g4xx_hal_rcc.o
    0x08002af8   0x08002af8   0x0000000c   Code   RO         2552    i.HAL_RCC_GetHCLKFreq  stm32g4xx_hal_rcc.o
    0x08002b04   0x08002b04   0x00000024   Code   RO         2554    i.HAL_RCC_GetPCLK1Freq  stm32g4xx_hal_rcc.o
    0x08002b28   0x08002b28   0x00000024   Code   RO         2555    i.HAL_RCC_GetPCLK2Freq  stm32g4xx_hal_rcc.o
    0x08002b4c   0x08002b4c   0x00000070   Code   RO         2556    i.HAL_RCC_GetSysClockFreq  stm32g4xx_hal_rcc.o
    0x08002bbc   0x08002bbc   0x000004ca   Code   RO         2559    i.HAL_RCC_OscConfig  stm32g4xx_hal_rcc.o
    0x08003086   0x08003086   0x000000be   Code   RO         5813    i.HAL_SPI_Init      stm32g4xx_hal_spi.o
    0x08003144   0x08003144   0x0000008c   Code   RO         1739    i.HAL_SPI_MspInit   stm32g4xx_hal_msp.o
    0x080031d0   0x080031d0   0x00000002   Code   RO         3563    i.HAL_SYSTICK_Callback  stm32g4xx_hal_cortex.o
    0x080031d2   0x080031d2   0x00000002   PAD
    0x080031d4   0x080031d4   0x0000002c   Code   RO         3564    i.HAL_SYSTICK_Config  stm32g4xx_hal_cortex.o
    0x08003200   0x08003200   0x00000008   Code   RO         3565    i.HAL_SYSTICK_IRQHandler  stm32g4xx_hal_cortex.o
    0x08003208   0x08003208   0x000000bc   Code   RO         4941    i.HAL_TIMEx_ConfigBreakDeadTime  stm32g4xx_hal_tim_ex.o
    0x080032c4   0x080032c4   0x000000dc   Code   RO         4942    i.HAL_TIMEx_ConfigBreakInput  stm32g4xx_hal_tim_ex.o
    0x080033a0   0x080033a0   0x00000068   Code   RO         4977    i.HAL_TIMEx_MasterConfigSynchronization  stm32g4xx_hal_tim_ex.o
    0x08003408   0x08003408   0x00000036   Code   RO         4286    i.HAL_TIM_Base_Init  stm32g4xx_hal_tim.o
    0x0800343e   0x0800343e   0x00000002   PAD
    0x08003440   0x08003440   0x0000002c   Code   RO         1741    i.HAL_TIM_Base_MspInit  stm32g4xx_hal_msp.o
    0x0800346c   0x0800346c   0x000000ac   Code   RO         1742    i.HAL_TIM_MspPostInit  stm32g4xx_hal_msp.o
    0x08003518   0x08003518   0x00000370   Code   RO         4355    i.HAL_TIM_PWM_ConfigChannel  stm32g4xx_hal_tim.o
    0x08003888   0x08003888   0x00000036   Code   RO         4358    i.HAL_TIM_PWM_Init  stm32g4xx_hal_tim.o
    0x080038be   0x080038be   0x00000002   Code   RO         4360    i.HAL_TIM_PWM_MspInit  stm32g4xx_hal_tim.o
    0x080038c0   0x080038c0   0x00000056   Code   RO         4372    i.HAL_TIM_SlaveConfigSynchro  stm32g4xx_hal_tim.o
    0x08003916   0x08003916   0x0000003e   Code   RO         5714    i.HAL_UARTEx_DisableFifoMode  stm32g4xx_hal_uart_ex.o
    0x08003954   0x08003954   0x000000b8   Code   RO         5716    i.HAL_UARTEx_EnableFifoMode  stm32g4xx_hal_uart_ex.o
    0x08003a0c   0x08003a0c   0x000000ac   Code   RO         5719    i.HAL_UARTEx_SetRxFifoThreshold  stm32g4xx_hal_uart_ex.o
    0x08003ab8   0x08003ab8   0x000000ac   Code   RO         5720    i.HAL_UARTEx_SetTxFifoThreshold  stm32g4xx_hal_uart_ex.o
    0x08003b64   0x08003b64   0x0000006e   Code   RO         5373    i.HAL_UART_Init     stm32g4xx_hal_uart.o
    0x08003bd2   0x08003bd2   0x00000002   PAD
    0x08003bd4   0x08003bd4   0x00000064   Code   RO         1744    i.HAL_UART_MspInit  stm32g4xx_hal_msp.o
    0x08003c38   0x08003c38   0x00000068   Code   RO         1345    i.HardFault_Handler  stm32g4xx_mc_it.o
    0x08003ca0   0x08003ca0   0x00000074   Code   RO         7476    i.LL_TIM_OC_EnablePreload  r3_2_g4xx_pwm_curr_fdbk.o
    0x08003d14   0x08003d14   0x00000080   Code   RO         7477    i.LL_TIM_OC_SetMode  r3_2_g4xx_pwm_curr_fdbk.o
    0x08003d94   0x08003d94   0x00000010   Code   RO         1078    i.MCI_Clear_Iqdref  mc_interface.o
    0x08003da4   0x08003da4   0x00000008   Code   RO         1079    i.MCI_EncoderAlign  mc_interface.o
    0x08003dac   0x08003dac   0x00000078   Code   RO         1080    i.MCI_ExecBufferedCommands  mc_interface.o
    0x08003e24   0x08003e24   0x00000060   Code   RO         1081    i.MCI_ExecPositionCommand  mc_interface.o
    0x08003e84   0x08003e84   0x0000000e   Code   RO         1082    i.MCI_ExecSpeedRamp  mc_interface.o
    0x08003e92   0x08003e92   0x00000012   Code   RO         1083    i.MCI_ExecTorqueRamp  mc_interface.o
    0x08003ea4   0x08003ea4   0x00000006   Code   RO         1084    i.MCI_FaultAcknowledged  mc_interface.o
    0x08003eaa   0x08003eaa   0x00000006   Code   RO         1085    i.MCI_GetAlignmentStatus  mc_interface.o
    0x08003eb0   0x08003eb0   0x00000010   Code   RO         1086    i.MCI_GetAvrgMecSpeedUnit  mc_interface.o
    0x08003ec0   0x08003ec0   0x00000004   Code   RO         1087    i.MCI_GetControlMode  mc_interface.o
    0x08003ec4   0x08003ec4   0x00000006   Code   RO         1092    i.MCI_GetIab        mc_interface.o
    0x08003eca   0x08003eca   0x00000006   Code   RO         1093    i.MCI_GetIalphabeta  mc_interface.o
    0x08003ed0   0x08003ed0   0x00000006   Code   RO         1095    i.MCI_GetIqd        mc_interface.o
    0x08003ed6   0x08003ed6   0x00000006   Code   RO         1097    i.MCI_GetIqdref     mc_interface.o
    0x08003edc   0x08003edc   0x00000010   Code   RO         1098    i.MCI_GetLastRampFinalSpeed  mc_interface.o
    0x08003eec   0x08003eec   0x00000006   Code   RO         1099    i.MCI_GetMecSpeedRefUnit  mc_interface.o
    0x08003ef2   0x08003ef2   0x00000006   Code   RO         1104    i.MCI_GetSTMState   mc_interface.o
    0x08003ef8   0x08003ef8   0x00000008   Code   RO         1107    i.MCI_GetTeref      mc_interface.o
    0x08003f00   0x08003f00   0x00000008   Code   RO         1108    i.MCI_GetValphabeta  mc_interface.o
    0x08003f08   0x08003f08   0x00000008   Code   RO         1109    i.MCI_GetVqd        mc_interface.o
    0x08003f10   0x08003f10   0x00000016   Code   RO         1110    i.MCI_Init          mc_interface.o
    0x08003f26   0x08003f26   0x00000014   Code   RO         1113    i.MCI_SetCurrentReferences  mc_interface.o
    0x08003f3a   0x08003f3a   0x0000000a   Code   RO         1114    i.MCI_SetIdref      mc_interface.o
    0x08003f44   0x08003f44   0x00000016   Code   RO         1115    i.MCI_StartMotor    mc_interface.o
    0x08003f5a   0x08003f5a   0x00000008   Code   RO         1116    i.MCI_StopMotor     mc_interface.o
    0x08003f62   0x08003f62   0x00000006   Code   RO         1117    i.MCI_StopRamp      mc_interface.o
    0x08003f68   0x08003f68   0x0000004c   Code   RO         1015    i.MCM_Clarke        mc_math.o
    0x08003fb4   0x08003fb4   0x00000084   Code   RO         1016    i.MCM_Park          mc_math.o
    0x08004038   0x08004038   0x00000036   Code   RO         1017    i.MCM_Rev_Park      mc_math.o
    0x0800406e   0x0800406e   0x00000002   PAD
    0x08004070   0x08004070   0x00000018   Code   RO         1019    i.MCM_Trig_Functions  mc_math.o
    0x08004088   0x08004088   0x00000044   Code   RO          669    i.MCP_Init          motor_control_protocol.o
    0x080040cc   0x080040cc   0x00000008   Code   RO          670    i.MCP_OnTimeOut     motor_control_protocol.o
    0x080040d4   0x080040d4   0x000007a8   Code   RO          671    i.MCP_ReceivedFrame  motor_control_protocol.o
    0x0800487c   0x0800487c   0x00000008   Code   RO          676    i.MCP_SentFrame     motor_control_protocol.o
    0x08004884   0x08004884   0x0000001a   Code   RO          677    i.MCP_WaitNextFrame  motor_control_protocol.o
    0x0800489e   0x0800489e   0x00000002   PAD
    0x080048a0   0x080048a0   0x0000000c   Code   RO          419    i.MC_GetAlignmentStatusMotor1  mc_api.o
    0x080048ac   0x080048ac   0x0000000c   Code   RO          438    i.MC_GetSTMStateMotor1  mc_api.o
    0x080048b8   0x080048b8   0x0000000c   Code   RO          445    i.MC_ProgramPositionCommandMotor1  mc_api.o
    0x080048c4   0x080048c4   0x00000020   Code   RO          796    i.MC_RunMotorControlTasks  mc_tasks.o
    0x080048e4   0x080048e4   0x00000040   Code   RO          797    i.MC_Scheduler      mc_tasks.o
    0x08004924   0x08004924   0x0000000c   Code   RO          450    i.MC_StartMotor1    mc_api.o
    0x08004930   0x08004930   0x0000000c   Code   RO          451    i.MC_StopMotor1     mc_api.o
    0x0800493c   0x0800493c   0x000001e4   Code   RO          798    i.MCboot            mc_tasks.o
    0x08004b20   0x08004b20   0x00000046   Code   RO         6479    i.MPM_CalcElMotorPower  motor_power_measurement.o
    0x08004b66   0x08004b66   0x0000001a   Code   RO         6480    i.MPM_Clear         motor_power_measurement.o
    0x08004b80   0x08004b80   0x00000006   Code   RO         6481    i.MPM_GetAvrgElMotorPowerW  motor_power_measurement.o
    0x08004b86   0x08004b86   0x00000002   PAD
    0x08004b88   0x08004b88   0x00000038   Code   RO          379    i.MX_MotorControl_Init  motorcontrol.o
    0x08004bc0   0x08004bc0   0x0000003a   Code   RO         6521    i.NTC_CalcAvTemp    ntc_temperature_sensor.o
    0x08004bfa   0x08004bfa   0x00000006   Code   RO         6523    i.NTC_Clear         ntc_temperature_sensor.o
    0x08004c00   0x08004c00   0x00000028   Code   RO         6524    i.NTC_GetAvTemp_C   ntc_temperature_sensor.o
    0x08004c28   0x08004c28   0x00000024   Code   RO         6526    i.NTC_Init          ntc_temperature_sensor.o
    0x08004c4c   0x08004c4c   0x00000018   Code   RO         6527    i.NTC_SetFaultState  ntc_temperature_sensor.o
    0x08004c64   0x08004c64   0x00000050   Code   RO         6629    i.PID_Controller    pid_regulator.o
    0x08004cb4   0x08004cb4   0x00000006   Code   RO         6632    i.PID_GetKD         pid_regulator.o
    0x08004cba   0x08004cba   0x00000006   Code   RO         6634    i.PID_GetKI         pid_regulator.o
    0x08004cc0   0x08004cc0   0x00000004   Code   RO         6635    i.PID_GetKIDivisor  pid_regulator.o
    0x08004cc4   0x08004cc4   0x00000006   Code   RO         6636    i.PID_GetKP         pid_regulator.o
    0x08004cca   0x08004cca   0x00000004   Code   RO         6637    i.PID_GetKPDivisor  pid_regulator.o
    0x08004cce   0x08004cce   0x00000014   Code   RO         6638    i.PID_HandleInit    pid_regulator.o
    0x08004ce2   0x08004ce2   0x00000004   Code   RO         6639    i.PID_SetIntegralTerm  pid_regulator.o
    0x08004ce6   0x08004ce6   0x00000004   Code   RO         6640    i.PID_SetKD         pid_regulator.o
    0x08004cea   0x08004cea   0x00000004   Code   RO         6642    i.PID_SetKI         pid_regulator.o
    0x08004cee   0x08004cee   0x00000004   Code   RO         6644    i.PID_SetKP         pid_regulator.o
    0x08004cf2   0x08004cf2   0x00000002   PAD
    0x08004cf4   0x08004cf4   0x00000080   Code   RO         6651    i.PI_Controller     pid_regulator.o
    0x08004d74   0x08004d74   0x00000060   Code   RO         6786    i.PQD_CalcElMotorPower  pqd_motor_power_measurement.o
    0x08004dd4   0x08004dd4   0x00000042   Code   RO         6811    i.PWMC_CurrentReadingCalibr  pwm_curr_fdbk.o
    0x08004e16   0x08004e16   0x00000004   Code   RO         6812    i.PWMC_GetPhaseCurrents  pwm_curr_fdbk.o
    0x08004e1a   0x08004e1a   0x000001da   Code   RO         6830    i.PWMC_SetPhaseVoltage  pwm_curr_fdbk.o
    0x08004ff4   0x08004ff4   0x00000004   Code   RO         6831    i.PWMC_SwitchOffPWM  pwm_curr_fdbk.o
    0x08004ff8   0x08004ff8   0x00000004   Code   RO         6832    i.PWMC_SwitchOnPWM  pwm_curr_fdbk.o
    0x08004ffc   0x08004ffc   0x00000004   Code   RO         6833    i.PWMC_TurnOnLowSides  pwm_curr_fdbk.o
    0x08005000   0x08005000   0x000000e4   Code   RO         7478    i.R3_2_ADCxInit     r3_2_g4xx_pwm_curr_fdbk.o
    0x080050e4   0x080050e4   0x00000036   Code   RO         7479    i.R3_2_BRK2_IRQHandler  r3_2_g4xx_pwm_curr_fdbk.o
    0x0800511a   0x0800511a   0x0000001a   Code   RO         7480    i.R3_2_BRK_IRQHandler  r3_2_g4xx_pwm_curr_fdbk.o
    0x08005134   0x08005134   0x0000018c   Code   RO         7481    i.R3_2_CurrentReadingPolarization  r3_2_g4xx_pwm_curr_fdbk.o
    0x080052c0   0x080052c0   0x00000120   Code   RO         7482    i.R3_2_GetPhaseCurrents  r3_2_g4xx_pwm_curr_fdbk.o
    0x080053e0   0x080053e0   0x00000058   Code   RO         7483    i.R3_2_HFCurrentsPolarizationAB  r3_2_g4xx_pwm_curr_fdbk.o
    0x08005438   0x08005438   0x00000048   Code   RO         7484    i.R3_2_HFCurrentsPolarizationC  r3_2_g4xx_pwm_curr_fdbk.o
    0x08005480   0x08005480   0x00000278   Code   RO         7485    i.R3_2_Init         r3_2_g4xx_pwm_curr_fdbk.o
    0x080056f8   0x080056f8   0x00000026   Code   RO         7486    i.R3_2_IsOverCurrentOccurred  r3_2_g4xx_pwm_curr_fdbk.o
    0x0800571e   0x0800571e   0x00000002   PAD
    0x08005720   0x08005720   0x000000ec   Code   RO         7487    i.R3_2_RLDetectionModeDisable  r3_2_g4xx_pwm_curr_fdbk.o
    0x0800580c   0x0800580c   0x000000bc   Code   RO         7488    i.R3_2_RLDetectionModeEnable  r3_2_g4xx_pwm_curr_fdbk.o
    0x080058c8   0x080058c8   0x00000068   Code   RO         7489    i.R3_2_RLDetectionModeSetDuty  r3_2_g4xx_pwm_curr_fdbk.o
    0x08005930   0x08005930   0x00000048   Code   RO         7490    i.R3_2_RLGetPhaseCurrents  r3_2_g4xx_pwm_curr_fdbk.o
    0x08005978   0x08005978   0x000000bc   Code   RO         7491    i.R3_2_RLSwitchOnPWM  r3_2_g4xx_pwm_curr_fdbk.o
    0x08005a34   0x08005a34   0x00000046   Code   RO         7492    i.R3_2_RLTurnOnLowSides  r3_2_g4xx_pwm_curr_fdbk.o
    0x08005a7a   0x08005a7a   0x00000002   PAD
    0x08005a7c   0x08005a7c   0x00000034   Code   RO         7493    i.R3_2_SetADCSampPointPolarization  r3_2_g4xx_pwm_curr_fdbk.o
    0x08005ab0   0x08005ab0   0x00000078   Code   RO         7494    i.R3_2_SetADCSampPointSectX  r3_2_g4xx_pwm_curr_fdbk.o
    0x08005b28   0x08005b28   0x00000080   Code   RO         7495    i.R3_2_SetAOReferenceVoltage  r3_2_g4xx_pwm_curr_fdbk.o
    0x08005ba8   0x08005ba8   0x00000074   Code   RO         7496    i.R3_2_SwitchOffPWM  r3_2_g4xx_pwm_curr_fdbk.o
    0x08005c1c   0x08005c1c   0x000000c0   Code   RO         7497    i.R3_2_SwitchOnPWM  r3_2_g4xx_pwm_curr_fdbk.o
    0x08005cdc   0x08005cdc   0x0000008e   Code   RO         7498    i.R3_2_TIMx_UP_IRQHandler  r3_2_g4xx_pwm_curr_fdbk.o
    0x08005d6a   0x08005d6a   0x00000056   Code   RO         7499    i.R3_2_TurnOnLowSides  r3_2_g4xx_pwm_curr_fdbk.o
    0x08005dc0   0x08005dc0   0x00000094   Code   RO          930    i.RCM_ExecNextConv  regular_conversion_manager.o
    0x08005e54   0x08005e54   0x00000144   Code   RO          931    i.RCM_ExecRegularConv  regular_conversion_manager.o
    0x08005f98   0x08005f98   0x00000044   Code   RO          932    i.RCM_ExecUserConv  regular_conversion_manager.o
    0x08005fdc   0x08005fdc   0x00000038   Code   RO          936    i.RCM_ReadOngoingConv  regular_conversion_manager.o
    0x08006014   0x08006014   0x00000130   Code   RO          937    i.RCM_RegisterRegConv  regular_conversion_manager.o
    0x08006144   0x08006144   0x00000010   Code   RO         7059    i.REMNG_Init        ramp_ext_mngr.o
    0x08006154   0x08006154   0x00000064   Code   RO         7008    i.RVBS_CalcAvVbus   r_divider_bus_voltage_sensor.o
    0x080061b8   0x080061b8   0x00000018   Code   RO         7010    i.RVBS_CheckFaultState  r_divider_bus_voltage_sensor.o
    0x080061d0   0x080061d0   0x0000002c   Code   RO         7011    i.RVBS_Clear        r_divider_bus_voltage_sensor.o
    0x080061fc   0x080061fc   0x00000016   Code   RO         7012    i.RVBS_Init         r_divider_bus_voltage_sensor.o
    0x08006212   0x08006212   0x00000006   Code   RO         7117    i.SPD_GetAvrgMecSpeedUnit  speed_pos_fdbk.o
    0x08006218   0x08006218   0x00000006   Code   RO         7118    i.SPD_GetElAngle    speed_pos_fdbk.o
    0x0800621e   0x0800621e   0x00000006   Code   RO         7121    i.SPD_GetInstElSpeedDpp  speed_pos_fdbk.o
    0x08006224   0x08006224   0x00000006   Code   RO         7122    i.SPD_GetMecAngle   speed_pos_fdbk.o
    0x0800622a   0x0800622a   0x00000014   Code   RO         7123    i.SPD_GetS16Speed   speed_pos_fdbk.o
    0x0800623e   0x0800623e   0x00000060   Code   RO         7124    i.SPD_IsMecSpeedReliable  speed_pos_fdbk.o
    0x0800629e   0x0800629e   0x0000005c   Code   RO         7194    i.STC_CalcTorqueReference  speed_torq_ctrl.o
    0x080062fa   0x080062fa   0x00000010   Code   RO         7195    i.STC_Clear         speed_torq_ctrl.o
    0x0800630a   0x0800630a   0x00000092   Code   RO         7196    i.STC_ExecRamp      speed_torq_ctrl.o
    0x0800639c   0x0800639c   0x00000010   Code   RO         7197    i.STC_ForceSpeedReferenceToCurrentSpeed  speed_torq_ctrl.o
    0x080063ac   0x080063ac   0x00000010   Code   RO         7199    i.STC_GetDefaultIqdref  speed_torq_ctrl.o
    0x080063bc   0x080063bc   0x00000004   Code   RO         7200    i.STC_GetMaxAppPositiveMecSpeedUnit  speed_torq_ctrl.o
    0x080063c0   0x080063c0   0x0000000c   Code   RO         7201    i.STC_GetMecSpeedRefUnit  speed_torq_ctrl.o
    0x080063cc   0x080063cc   0x00000006   Code   RO         7202    i.STC_GetMecSpeedRefUnitDefault  speed_torq_ctrl.o
    0x080063d2   0x080063d2   0x00000006   Code   RO         7203    i.STC_GetMinAppNegativeMecSpeedUnit  speed_torq_ctrl.o
    0x080063d8   0x080063d8   0x00000004   Code   RO         7204    i.STC_GetSpeedSensor  speed_torq_ctrl.o
    0x080063dc   0x080063dc   0x0000000c   Code   RO         7205    i.STC_GetTorqueRef  speed_torq_ctrl.o
    0x080063e8   0x080063e8   0x00000020   Code   RO         7206    i.STC_Init          speed_torq_ctrl.o
    0x08006408   0x08006408   0x00000008   Code   RO         7208    i.STC_SetControlMode  speed_torq_ctrl.o
    0x08006410   0x08006410   0x00000004   Code   RO         7210    i.STC_SetSpeedSensor  speed_torq_ctrl.o
    0x08006414   0x08006414   0x00000008   Code   RO         7211    i.STC_StopRamp      speed_torq_ctrl.o
    0x0800641c   0x0800641c   0x00000016   Code   RO         7326    i.STM_FaultAcknowledged  state_machine.o
    0x08006432   0x08006432   0x00000036   Code   RO         7327    i.STM_FaultProcessing  state_machine.o
    0x08006468   0x08006468   0x0000000a   Code   RO         7328    i.STM_GetFaultState  state_machine.o
    0x08006472   0x08006472   0x00000004   Code   RO         7329    i.STM_GetState      state_machine.o
    0x08006476   0x08006476   0x0000000a   Code   RO         7330    i.STM_Init          state_machine.o
    0x08006480   0x08006480   0x000000fe   Code   RO         7331    i.STM_NextState     state_machine.o
    0x0800657e   0x0800657e   0x00000002   PAD
    0x08006580   0x08006580   0x00000034   Code   RO         1346    i.SysTick_Handler   stm32g4xx_mc_it.o
    0x080065b4   0x080065b4   0x0000001c   Code   RO         6134    i.SystemInit        system_stm32g4xx.o
    0x080065d0   0x080065d0   0x0000006c   Code   RO         6373    i.TC_EncAlignmentCommand  trajectory_ctrl.o
    0x0800663c   0x0800663c   0x00000048   Code   RO         6374    i.TC_EncoderReset   trajectory_ctrl.o
    0x08006684   0x08006684   0x00000006   Code   RO         6377    i.TC_GetAlignmentStatus  trajectory_ctrl.o
    0x0800668a   0x0800668a   0x00000002   PAD
    0x0800668c   0x0800668c   0x00000024   Code   RO         6379    i.TC_GetCurrentPosition  trajectory_ctrl.o
    0x080066b0   0x080066b0   0x00000006   Code   RO         6380    i.TC_GetMoveDuration  trajectory_ctrl.o
    0x080066b6   0x080066b6   0x00000006   Code   RO         6381    i.TC_GetTargetPosition  trajectory_ctrl.o
    0x080066bc   0x080066bc   0x00000008   Code   RO         6382    i.TC_IncTick        trajectory_ctrl.o
    0x080066c4   0x080066c4   0x0000006c   Code   RO         6383    i.TC_Init           trajectory_ctrl.o
    0x08006730   0x08006730   0x000000f0   Code   RO         6384    i.TC_MoveCommand    trajectory_ctrl.o
    0x08006820   0x08006820   0x00000104   Code   RO         6385    i.TC_MoveExecution  trajectory_ctrl.o
    0x08006924   0x08006924   0x00000094   Code   RO         6386    i.TC_PositionRegulation  trajectory_ctrl.o
    0x080069b8   0x080069b8   0x00000044   Code   RO         1347    i.TIM1_BRK_TIM15_IRQHandler  stm32g4xx_mc_it.o
    0x080069fc   0x080069fc   0x00000018   Code   RO         1348    i.TIM1_UP_TIM16_IRQHandler  stm32g4xx_mc_it.o
    0x08006a14   0x08006a14   0x000000b4   Code   RO         4376    i.TIM_Base_SetConfig  stm32g4xx_hal_tim.o
    0x08006ac8   0x08006ac8   0x00000090   Code   RO         4388    i.TIM_OC2_SetConfig  stm32g4xx_hal_tim.o
    0x08006b58   0x08006b58   0x000000f8   Code   RO         4389    i.TIM_SlaveTimer_SetConfig  stm32g4xx_hal_tim.o
    0x08006c50   0x08006c50   0x00000014   Code   RO          799    i.TSK_ChargeBootCapDelayHasElapsedM1  mc_tasks.o
    0x08006c64   0x08006c64   0x00000020   Code   RO          800    i.TSK_HardwareFaultTask  mc_tasks.o
    0x08006c84   0x08006c84   0x000000ec   Code   RO          801    i.TSK_HighFrequencyTask  mc_tasks.o
    0x08006d70   0x08006d70   0x00000270   Code   RO          802    i.TSK_MediumFrequencyTaskM1  mc_tasks.o
    0x08006fe0   0x08006fe0   0x00000020   Code   RO          803    i.TSK_SafetyTask    mc_tasks.o
    0x08007000   0x08007000   0x000000a8   Code   RO          804    i.TSK_SafetyTask_PWMOFF  mc_tasks.o
    0x080070a8   0x080070a8   0x0000000c   Code   RO          805    i.TSK_SetChargeBootCapDelayM1  mc_tasks.o
    0x080070b4   0x080070b4   0x0000000c   Code   RO          806    i.TSK_SetStopPermanencyTimeM1  mc_tasks.o
    0x080070c0   0x080070c0   0x00000014   Code   RO          807    i.TSK_StopPermanencyTimeHasElapsedM1  mc_tasks.o
    0x080070d4   0x080070d4   0x000000da   Code   RO         5386    i.UART_AdvFeatureConfig  stm32g4xx_hal_uart.o
    0x080071ae   0x080071ae   0x00000062   Code   RO         5387    i.UART_CheckIdleState  stm32g4xx_hal_uart.o
    0x08007210   0x08007210   0x000008b2   Code   RO         5402    i.UART_SetConfig    stm32g4xx_hal_uart.o
    0x08007ac2   0x08007ac2   0x00000076   Code   RO         5407    i.UART_WaitOnFlagUntilTimeout  stm32g4xx_hal_uart.o
    0x08007b38   0x08007b38   0x00000008   Code   RO         7777    i.UFCP_AbortReceive  usart_frame_communication_protocol.o
    0x08007b40   0x08007b40   0x00000004   Code   RO         7778    i.UFCP_Init         usart_frame_communication_protocol.o
    0x08007b44   0x08007b44   0x00000014   Code   RO         7779    i.UFCP_OVR_IRQ_Handler  usart_frame_communication_protocol.o
    0x08007b58   0x08007b58   0x000000c0   Code   RO         7780    i.UFCP_RX_IRQ_Handler  usart_frame_communication_protocol.o
    0x08007c18   0x08007c18   0x00000028   Code   RO         7781    i.UFCP_Receive      usart_frame_communication_protocol.o
    0x08007c40   0x08007c40   0x00000056   Code   RO         7782    i.UFCP_Send         usart_frame_communication_protocol.o
    0x08007c96   0x08007c96   0x00000064   Code   RO         7784    i.UFCP_TX_IRQ_Handler  usart_frame_communication_protocol.o
    0x08007cfa   0x08007cfa   0x0000000a   Code   RO         1541    i.UI_DACExec        user_interface.o
    0x08007d04   0x08007d04   0x0000000a   Code   RO         1542    i.UI_DACInit        user_interface.o
    0x08007d0e   0x08007d0e   0x00000002   PAD
    0x08007d10   0x08007d10   0x00000020   Code   RO         1439    i.UI_DACUpdate      ui_task.o
    0x08007d30   0x08007d30   0x0000006e   Code   RO         1543    i.UI_ExecCmd        user_interface.o
    0x08007d9e   0x08007d9e   0x00000014   Code   RO         1544    i.UI_ExecPositionCmd  user_interface.o
    0x08007db2   0x08007db2   0x00000002   PAD
    0x08007db4   0x08007db4   0x00000030   Code   RO         1545    i.UI_ExecSpeedRamp  user_interface.o
    0x08007de4   0x08007de4   0x00000014   Code   RO         1546    i.UI_ExecTorqueRamp  user_interface.o
    0x08007df8   0x08007df8   0x00000010   Code   RO         1547    i.UI_GetDAC         user_interface.o
    0x08007e08   0x08007e08   0x00000004   Code   RO         1548    i.UI_GetMPInfo      user_interface.o
    0x08007e0c   0x08007e0c   0x000003dc   Code   RO         1549    i.UI_GetReg         user_interface.o
    0x080081e8   0x080081e8   0x0000004a   Code   RO         1550    i.UI_GetRevupData   user_interface.o
    0x08008232   0x08008232   0x00000006   Code   RO         1551    i.UI_GetSelectedMC  user_interface.o
    0x08008238   0x08008238   0x00000018   Code   RO         1440    i.UI_HandleStartStopButton_cb  ui_task.o
    0x08008250   0x08008250   0x00000016   Code   RO         1553    i.UI_Init           user_interface.o
    0x08008266   0x08008266   0x00000002   PAD
    0x08008268   0x08008268   0x0000002c   Code   RO         1442    i.UI_Scheduler      ui_task.o
    0x08008294   0x08008294   0x00000012   Code   RO         1554    i.UI_SelectMC       user_interface.o
    0x080082a6   0x080082a6   0x00000002   PAD
    0x080082a8   0x080082a8   0x0000000c   Code   RO         1445    i.UI_SerialCommunicationTimeOutStart  ui_task.o
    0x080082b4   0x080082b4   0x0000000c   Code   RO         1446    i.UI_SerialCommunicationTimeOutStop  ui_task.o
    0x080082c0   0x080082c0   0x0000001a   Code   RO         1555    i.UI_SetCurrentReferences  user_interface.o
    0x080082da   0x080082da   0x0000000a   Code   RO         1556    i.UI_SetDAC         user_interface.o
    0x080082e4   0x080082e4   0x00000180   Code   RO         1557    i.UI_SetReg         user_interface.o
    0x08008464   0x08008464   0x00000038   Code   RO         1558    i.UI_SetRevupData   user_interface.o
    0x0800849c   0x0800849c   0x000000b0   Code   RO         1448    i.UI_TaskInit       ui_task.o
    0x0800854c   0x0800854c   0x00000068   Code   RO         1349    i.USART1_IRQHandler  stm32g4xx_mc_it.o
    0x080085b4   0x080085b4   0x0000000a   Code   RO         6172    i.VBS_GetAvBusVoltage_V  bus_voltage_sensor.o
    0x080085be   0x080085be   0x0000002c   Code   RO         7382    i.VSS_Clear         virtual_speed_sensor.o
    0x080085ea   0x080085ea   0x00000008   Code   RO         7384    i.VSS_Init          virtual_speed_sensor.o
    0x080085f2   0x080085f2   0x00000008   Code   RO         7387    i.VSS_SetCopyObserver  virtual_speed_sensor.o
    0x080085fa   0x080085fa   0x0000007c   Code   RO         7389    i.VSS_SetMecAcceleration  virtual_speed_sensor.o
    0x08008676   0x08008676   0x0000000e   Code   RO         7390    i.VSS_SetMecAngle   virtual_speed_sensor.o
    0x08008684   0x08008684   0x0000000e   Code   RO         7890    i.__scatterload_copy  mc_w.l(handlers.o)
    0x08008692   0x08008692   0x00000002   Code   RO         7891    i.__scatterload_null  mc_w.l(handlers.o)
    0x08008694   0x08008694   0x0000000e   Code   RO         7892    i.__scatterload_zeroinit  mc_w.l(handlers.o)
    0x080086a2   0x080086a2   0x00000002   PAD
    0x080086a4   0x080086a4   0x0000068c   Code   RO           15    i.main              main.o
    0x08008d30   0x08008d30   0x00000140   Code   RO          808    i.mc_lock_pins      mc_tasks.o
    0x08008e70   0x08008e70   0x0000006c   Code   RO         6972    i.startTimers       pwm_common.o
    0x08008edc   0x08008edc   0x00000062   Code   RO         6973    i.waitForPolarizationEnd  pwm_common.o
    0x08008f3e   0x08008f3e   0x00000020   Data   RO          380    .constdata          motorcontrol.o
    0x08008f5e   0x08008f5e   0x00000002   PAD
    0x08008f60   0x08008f60   0x00000002   Data   RO          810    .constdata          mc_tasks.o
    0x08008f62   0x08008f62   0x00000002   PAD
    0x08008f64   0x08008f64   0x0000006c   Data   RO         1413    .constdata          mc_parameters.o
    0x08008fd0   0x08008fd0   0x000000c4   Data   RO         1414    .constdata          mc_parameters.o
    0x08009094   0x08009094   0x00000010   Data   RO         6135    .constdata          system_stm32g4xx.o
    0x080090a4   0x080090a4   0x00000008   Data   RO         6136    .constdata          system_stm32g4xx.o
    0x080090ac   0x080090ac   0x00000014   Data   RO         7501    .constdata          r3_2_g4xx_pwm_curr_fdbk.o
    0x080090c0   0x080090c0   0x00000006   Data   RO         7785    .constdata          usart_frame_communication_protocol.o
    0x080090c6   0x080090c6   0x00000002   PAD
    0x080090c8   0x080090c8   0x00000020   Data   RO         7888    Region$$Table       anon$$obj.o


    Execution Region RW_IRAM1 (Exec base: 0x20000000, Load base: 0x080090e8, Size: 0x00001078, Max: 0x00008000, ABSOLUTE, COMPRESSED[0x000001b0])

    Exec Addr    Load Addr    Size         Type   Attr      Idx    E Section Name        Object

    0x20000000   COMPRESSED   0x00000004   Data   RW           17    .data               main.o
    0x20000004   COMPRESSED   0x0000000c   Data   RW          381    .data               motorcontrol.o
    0x20000010   COMPRESSED   0x00000010   Data   RW          678    .data               motor_control_protocol.o
    0x20000020   COMPRESSED   0x00000114   Data   RW          745    .data               mc_config.o
    0x20000134   COMPRESSED   0x0000002c   Data   RW          747    .data               mc_config.o
    0x20000160   COMPRESSED   0x0000002c   Data   RW          748    .data               mc_config.o
    0x2000018c   COMPRESSED   0x0000002c   Data   RW          749    .data               mc_config.o
    0x200001b8   COMPRESSED   0x0000002c   Data   RW          750    .data               mc_config.o
    0x200001e4   COMPRESSED   0x00000070   Data   RW          751    .data               mc_config.o
    0x20000254   COMPRESSED   0x00000034   Data   RW          752    .data               mc_config.o
    0x20000288   COMPRESSED   0x0000007c   Data   RW          753    .data               mc_config.o
    0x20000304   COMPRESSED   0x00000038   Data   RW          754    .data               mc_config.o
    0x2000033c   COMPRESSED   0x0000007c   Data   RW          755    .data               mc_config.o
    0x200003b8   COMPRESSED   0x0000001c   Data   RW          756    .data               mc_config.o
    0x200003d4   COMPRESSED   0x00000028   Data   RW          757    .data               mc_config.o
    0x200003fc   COMPRESSED   0x00000028   Data   RW          758    .data               mc_config.o
    0x20000424   COMPRESSED   0x00000030   Data   RW          759    .data               mc_config.o
    0x20000454   COMPRESSED   0x0000003c   Data   RW          760    .data               mc_config.o
    0x20000490   COMPRESSED   0x00000018   Data   RW          761    .data               mc_config.o
    0x200004a8   COMPRESSED   0x000000b4   Data   RW          762    .data               mc_config.o
    0x2000055c   COMPRESSED   0x0000013c   Data   RW          763    .data               mc_config.o
    0x20000698   COMPRESSED   0x0000005a   Data   RW          811    .data               mc_tasks.o
    0x200006f2   COMPRESSED   0x00000006   Data   RW          941    .data               regular_conversion_manager.o
    0x200006f8   COMPRESSED   0x00000004   Data   RW         1119    .data               mc_interface.o
    0x200006fc   COMPRESSED   0x00000001   Data   RW         1350    .data               stm32g4xx_mc_it.o
    0x200006fd   COMPRESSED   0x00000003   PAD
    0x20000700   COMPRESSED   0x00000010   Data   RW         1450    .data               ui_task.o
    0x20000710   COMPRESSED   0x00000004   Data   RW         1745    .data               stm32g4xx_hal_msp.o
    0x20000714   COMPRESSED   0x0000000c   Data   RW         2346    .data               stm32g4xx_hal.o
    0x20000720   COMPRESSED   0x00000004   Data   RW         6137    .data               system_stm32g4xx.o
    0x20000724   COMPRESSED   0x0000001c   Data   RW         6329    .data               encoder_speed_pos_fdbk.o
    0x20000740   COMPRESSED   0x00000008   Data   RW         6388    .data               trajectory_ctrl.o
    0x20000748   COMPRESSED   0x0000000c   Data   RW         6652    .data               pid_regulator.o
    0x20000754        -       0x00000364   Zero   RW           16    .bss                main.o
    0x20000ab8        -       0x0000000c   Zero   RW          744    .bss                mc_config.o
    0x20000ac4        -       0x0000009c   Zero   RW          809    .bss                mc_tasks.o
    0x20000b60        -       0x00000048   Zero   RW          940    .bss                regular_conversion_manager.o
    0x20000ba8        -       0x000000cc   Zero   RW         1449    .bss                ui_task.o
    0x20000c74   COMPRESSED   0x00000004   PAD
    0x20000c78        -       0x00000400   Zero   RW            1    STACK               startup_stm32g431xx.o


==============================================================================

Image component sizes


      Code (inc. data)   RO Data    RW Data    ZI Data      Debug   Object Name

        10          0          0          0          0       1040   bus_voltage_sensor.o
        86          0          0          0          0       1344   circle_limitation.o
        34          0          0          0          0       3114   dac_common_ui.o
        68         14          0          0          0      17162   dac_ui.o
         0          0          0          0          0       4192   digital_output.o
       126          0          0          0          0       4231   enc_align_ctrl.o
       746         20          0         28          0       4916   encoder_speed_pos_fdbk.o
       102          0          0          0          0       2637   frame_communication_protocol.o
      1676        152          0          4        868     765710   main.o
        60         20          0          0          0       2456   mc_api.o
         0          0          0       1656         12       1721   mc_config.o
       468          8          0          4          0      14754   mc_interface.o
       286         22          0          0          0       8520   mc_math.o
         0          0        304          0          0        271   mc_parameters.o
      2238        300          2         90        156      18341   mc_tasks.o
      2070        660          0         16          0       6596   motor_control_protocol.o
       102          0          0          0          0       2482   motor_power_measurement.o
        56          8         32         12          0       1279   motorcontrol.o
       164          0          0          0          0       3806   ntc_temperature_sensor.o
       270         10          0         12          0       8362   pid_regulator.o
        96          6          0          0          0       1211   pqd_motor_power_measurement.o
       206          8          0          0          0      52887   pwm_common.o
       556          0          0          0          0       5212   pwm_curr_fdbk.o
      3760        140         20          0          0     175219   r3_2_g4xx_pwm_curr_fdbk.o
       190          0          0          0          0       3490   r_divider_bus_voltage_sensor.o
        16          0          0          0          0        973   ramp_ext_mngr.o
       900         78          0          6         72      71397   regular_conversion_manager.o
       140          0          0          0          0       4560   speed_pos_fdbk.o
       382          0          0          0          0      10621   speed_torq_ctrl.o
        36          8        472          0       1024        832   startup_stm32g431xx.o
       354         22          0          0          0       4748   state_machine.o
       166         26          0         12          0       4285   stm32g4xx_hal.o
      1804         58          0          0          0      71243   stm32g4xx_hal_adc.o
      1740         48          0          0          0      70757   stm32g4xx_hal_adc_ex.o
       396         34          0          0          0       6172   stm32g4xx_hal_comp.o
        52          0          0          0          0       1222   stm32g4xx_hal_cordic.o
       220         16          0          0          0      34571   stm32g4xx_hal_cortex.o
       512         10          0          0          0       2547   stm32g4xx_hal_dac.o
       548         20          0          0          0       1696   stm32g4xx_hal_gpio.o
      1192        106          0          4          0      15552   stm32g4xx_hal_msp.o
       236          8          0          0          0       1765   stm32g4xx_hal_opamp.o
       192         12          0          0          0        854   stm32g4xx_hal_pwr_ex.o
      1942         90          0          0          0       6570   stm32g4xx_hal_rcc.o
       708          8          0          0          0       1864   stm32g4xx_hal_rcc_ex.o
       190          0          0          0          0       1716   stm32g4xx_hal_spi.o
      1648         64          0          0          0       9513   stm32g4xx_hal_tim.o
       512         10          0          0          0       3561   stm32g4xx_hal_tim_ex.o
      2770         40          0          0          0       5955   stm32g4xx_hal_uart.o
       590         38          0          0          0       4485   stm32g4xx_hal_uart_ex.o
       402         50          0          1          0      75512   stm32g4xx_mc_it.o
        28          8         24          4          0       1119   system_stm32g4xx.o
       998         42          0          8          0       8548   trajectory_ctrl.o
       300         48          0         16        204       4069   ui_task.o
       450         14          6          0          0      31550   usart_frame_communication_protocol.o
      1822        120          0          0          0      14591   user_interface.o
       198          0          0          0          0       3880   virtual_speed_sensor.o

    ----------------------------------------------------------------------
     34860       2346        898       1876       2340    1587681   Object Totals
         0          0         32          0          0          0   (incl. Generated)
        46          0          6          3          4          0   (incl. Padding)

    ----------------------------------------------------------------------

      Code (inc. data)   RO Data    RW Data    ZI Data      Debug   Library Member Name

       968          0          0          0          0        404   revup_ctrl.o
        86          0          0          0          0          0   __dczerorl2.o
         0          0          0          0          0          0   entry.o
         0          0          0          0          0          0   entry10a.o
         0          0          0          0          0          0   entry11a.o
         8          4          0          0          0          0   entry2.o
         4          0          0          0          0          0   entry5.o
         0          0          0          0          0          0   entry7b.o
         0          0          0          0          0          0   entry8b.o
         8          4          0          0          0          0   entry9a.o
        30          0          0          0          0          0   handlers.o
        36          8          0          0          0         68   init.o
        30          0          0          0          0         68   llshl.o
        32          0          0          0          0         68   llushr.o
        36          0          0          0          0        108   memseta.o
        98          0          0          0          0         92   uldiv.o

    ----------------------------------------------------------------------
      1338         16          0          0          0        808   Library Totals
         2          0          0          0          0          0   (incl. Padding)

    ----------------------------------------------------------------------

      Code (inc. data)   RO Data    RW Data    ZI Data      Debug   Library Name

       968          0          0          0          0        404   libmc-keil_M4.lib
       368         16          0          0          0        404   mc_w.l

    ----------------------------------------------------------------------
      1338         16          0          0          0        808   Library Totals

    ----------------------------------------------------------------------

==============================================================================


      Code (inc. data)   RO Data    RW Data    ZI Data      Debug   

     36198       2362        898       1876       2340    1561069   Grand Totals
     36198       2362        898        432       2340    1561069   ELF Image Totals (compressed)
     36198       2362        898        432          0          0   ROM Totals

==============================================================================

    Total RO  Size (Code + RO Data)                37096 (  36.23kB)
    Total RW  Size (RW Data + ZI Data)              4216 (   4.12kB)
    Total ROM Size (Code + RO Data + RW Data)      37528 (  36.65kB)

==============================================================================

